Product: MDK-ARM Standard 5.10
Component: ARM Compiler 5.04 update 1 (build 49)
Tool: armlink [5040049]

==============================================================================

Section Cross References

    anocopter.o(.text) refers to board.o(.text) for ANO_Hexacopter_board_Init()
    anocopter.o(.text) refers to ano_param.o(.text) for ANO_Param::Init()
    anocopter.o(.text) refers to ano_imu.o(.text) for ANO_IMU::Init()
    anocopter.o(.text) refers to ano_scheduler.o(.text) for ANO_Loop()
    anocopter.o(.text) refers to ano_param.o(.data) for param
    anocopter.o(.text) refers to ano_imu.o(.bss) for imu
    anocopter.o(.ARM.exidx) refers to anocopter.o(.text) for .text
    ano_config.o(.text) refers to ano_drv_led.o(.text) for ANO_LED::ON1()
    ano_config.o(.text) refers to ano_config.o(.data) for cnt
    ano_config.o(.text) refers to ano_drv_led.o(.data) for led
    ano_config.o(.text) refers to ano_config.o(.bss) for ano
    ano_config.o(.ARM.exidx) refers to ano_config.o(.text) for .text
    ano_config.o(.init_array) refers to ano_config.o(.text) for __sti___14_ANO_Config_cpp_ano
    ano_config.o(.init_array) refers to init_aeabi.o(.text) for __cpp_initialize__aeabi_
    ano_scheduler.o(.text) refers to ano_dt.o(.text) for ANO_DT::Check_Event()
    ano_scheduler.o(.text) refers to ano_imu.o(.text) for ANO_IMU::updateSensor()
    ano_scheduler.o(.text) refers to ano_flycontrol.o(.text) for ANO_FlyControl::Attitude_Inner_Loop()
    ano_scheduler.o(.text) refers to ano_rc.o(.text) for ANO_RC::Cal_Command()
    ano_scheduler.o(.text) refers to ano_config.o(.text) for ANO_Config::Pilot_Light()
    ano_scheduler.o(.text) refers to ano_dt.o(.bss) for dt
    ano_scheduler.o(.text) refers to ano_imu.o(.bss) for imu
    ano_scheduler.o(.text) refers to ano_flycontrol.o(.bss) for fc
    ano_scheduler.o(.text) refers to ano_rc.o(.bss) for rc
    ano_scheduler.o(.text) refers to ano_config.o(.bss) for ano
    ano_scheduler.o(.text) refers to ano_scheduler.o(.bss) for scheduler
    ano_scheduler.o(.ARM.exidx) refers to ano_scheduler.o(.text) for .text
    ano_scheduler.o(.init_array) refers to ano_scheduler.o(.text) for __sti___17_ANO_Scheduler_cpp_463cec18
    ano_scheduler.o(.init_array) refers to init_aeabi.o(.text) for __cpp_initialize__aeabi_
    ano_filter.o(.text) refers to fmul.o(x$fpl$fmul) for __aeabi_fmul
    ano_filter.o(.text) refers to fdiv.o(x$fpl$fdiv) for __aeabi_fdiv
    ano_filter.o(.text) refers to faddsub_clz.o(x$fpl$fadd) for __aeabi_fadd
    ano_filter.o(.text) refers to ano_vector3.o(t._ZNK7Vector3IfEmlEf) for Vector3<float>::operator *(float) const
    ano_filter.o(.text) refers to faddsub_clz.o(x$fpl$fsub) for __aeabi_fsub
    ano_filter.o(.text) refers to ano_vector3.o(t._ZNK7Vector3IfEplERKS0_) for Vector3<float>::operator +(const Vector3<float>&) const
    ano_filter.o(.text) refers to ano_vector3.o(t._ZNK7Vector3IfEmiERKS0_) for Vector3<float>::operator -(const Vector3<float>&) const
    ano_filter.o(.text) refers to ffix.o(x$fpl$ffix) for __aeabi_f2iz
    ano_filter.o(.text) refers to ano_filter.o(.data) for baro_preout
    ano_filter.o(.ARM.exidx) refers to ano_filter.o(.text) for .text
    ano_imu.o(.text) refers to ano_imu.o(t._ZN7Vector3IfEC1Ev) for Vector3<float>::Vector3()
    ano_imu.o(.text) refers to ano_imu.o(i._ZN10ANO_Filter12LPF2ndData_tC1Ev) for ANO_Filter::LPF2ndData_t::LPF2ndData_t()
    ano_imu.o(.text) refers to ano_drv_mpu6050.o(.text) for ANO_MPU6050::Init(unsigned short, unsigned short)
    ano_imu.o(.text) refers to ano_filter.o(.text) for ANO_Filter::LPF_1st_Factor_Cal(float, float)
    ano_imu.o(.text) refers to cxa_guard_acquire.o(i.__cxa_guard_acquire) for __cxa_guard_acquire
    ano_imu.o(.text) refers to ano_imu.o(t._ZN7Vector3IfEC1Efff) for Vector3<float>::Vector3(float, float, float)
    ano_imu.o(.text) refers to ano_vector3.o(t._ZNK7Vector3IfEplERKS0_) for Vector3<float>::operator +(const Vector3<float>&) const
    ano_imu.o(.text) refers to ano_vector3.o(t._ZNK7Vector3IfEmlEf) for Vector3<float>::operator *(float) const
    ano_imu.o(.text) refers to ano_matrix3.o(t._ZN7Matrix3IfE10from_eulerERK7Vector3IfE) for Matrix3<float>::from_euler(const Vector3<float>&)
    ano_imu.o(.text) refers to ano_matrix3.o(t._ZNK7Matrix3IfEmlERK7Vector3IfE) for Matrix3<float>::operator *(const Vector3<float>&) const
    ano_imu.o(.text) refers to ano_vector3.o(t._ZN7Vector3IfE13get_rollpitchERS0_) for Vector3<float>::get_rollpitch(Vector3<float>&)
    ano_imu.o(.text) refers to ano_vector3.o(t._ZN7Vector3IfE7get_yawERS0_) for Vector3<float>::get_yaw(Vector3<float>&)
    ano_imu.o(.text) refers to dflt_clz.o(x$fpl$dfltu) for __aeabi_ui2d
    ano_imu.o(.text) refers to dmul.o(x$fpl$dmul) for __aeabi_dmul
    ano_imu.o(.text) refers to d2f.o(x$fpl$d2f) for __aeabi_d2f
    ano_imu.o(.text) refers to ano_imu.o(t._ZN7Vector3IdEC1Ev) for Vector3<double>::Vector3()
[...]
    __scatterload_null                       0x08000103   Thumb Code     0  __scatter.o(!!!scatter)
    __scatterload_copy                       0x08000129   Thumb Code    26  __scatter_copy.o(!!handler_copy)
    __scatterload_zeroinit                   0x08000145   Thumb Code    28  __scatter_zi.o(!!handler_zi)
    __rt_lib_init                            0x08000161   Thumb Code     0  libinit.o(.ARM.Collect$$libinit$$00000000)
    __rt_lib_init_alloca_1                   0x08000163   Thumb Code     0  libinit2.o(.ARM.Collect$$libinit$$0000002C)
    __rt_lib_init_argv_1                     0x08000163   Thumb Code     0  libinit2.o(.ARM.Collect$$libinit$$0000002A)
    __rt_lib_init_atexit_1                   0x08000163   Thumb Code     0  libinit2.o(.ARM.Collect$$libinit$$00000019)
    __rt_lib_init_clock_1                    0x08000163   Thumb Code     0  libinit2.o(.ARM.Collect$$libinit$$0000001F)
    __rt_lib_init_cpp_2                      0x08000163   Thumb Code     0  libinit2.o(.ARM.Collect$$libinit$$0000002F)
    __rt_lib_init_exceptions_1               0x08000163   Thumb Code     0  libinit2.o(.ARM.Collect$$libinit$$0000002E)
    __rt_lib_init_fp_1                       0x08000163   Thumb Code     0  libinit2.o(.ARM.Collect$$libinit$$00000002)
    __rt_lib_init_fp_trap_1                  0x08000163   Thumb Code     0  libinit2.o(.ARM.Collect$$libinit$$0000001D)
    __rt_lib_init_getenv_1                   0x08000163   Thumb Code     0  libinit2.o(.ARM.Collect$$libinit$$00000021)
    __rt_lib_init_heap_1                     0x08000163   Thumb Code     0  libinit2.o(.ARM.Collect$$libinit$$00000008)
    __rt_lib_init_lc_collate_1               0x08000163   Thumb Code     0  libinit2.o(.ARM.Collect$$libinit$$0000000F)
    __rt_lib_init_lc_ctype_1                 0x08000163   Thumb Code     0  libinit2.o(.ARM.Collect$$libinit$$00000011)
    __rt_lib_init_lc_monetary_1              0x08000163   Thumb Code     0  libinit2.o(.ARM.Collect$$libinit$$00000013)
    __rt_lib_init_lc_numeric_1               0x08000163   Thumb Code     0  libinit2.o(.ARM.Collect$$libinit$$00000015)
    __rt_lib_init_lc_time_1                  0x08000163   Thumb Code     0  libinit2.o(.ARM.Collect$$libinit$$00000017)
    __rt_lib_init_rand_1                     0x08000163   Thumb Code     0  libinit2.o(.ARM.Collect$$libinit$$0000000C)
    __rt_lib_init_signal_1                   0x08000163   Thumb Code     0  libinit2.o(.ARM.Collect$$libinit$$0000001B)
    __rt_lib_init_stdio_1                    0x08000163   Thumb Code     0  libinit2.o(.ARM.Collect$$libinit$$00000023)
    __rt_lib_init_user_alloc_1               0x08000163   Thumb Code     0  libinit2.o(.ARM.Collect$$libinit$$0000000A)
    __rt_lib_init_cpp_1                      0x08000167   Thumb Code     0  libinit2.o(.ARM.Collect$$libinit$$00000030)
    __rt_lib_init_return                     0x08000167   Thumb Code     0  libinit2.o(.ARM.Collect$$libinit$$00000031)
    __rt_lib_shutdown                        0x08000169   Thumb Code     0  libshutdown.o(.ARM.Collect$$libshutdown$$00000000)
    __rt_lib_shutdown_fp_trap_1              0x0800016b   Thumb Code     0  libshutdown2.o(.ARM.Collect$$libshutdown$$00000006)
    __rt_lib_shutdown_heap_1                 0x0800016b   Thumb Code     0  libshutdown2.o(.ARM.Collect$$libshutdown$$0000000E)
    __rt_lib_shutdown_return                 0x0800016b   Thumb Code     0  libshutdown2.o(.ARM.Collect$$libshutdown$$0000000F)
    __rt_lib_shutdown_signal_1               0x0800016b   Thumb Code     0  libshutdown2.o(.ARM.Collect$$libshutdown$$00000009)
    __rt_lib_shutdown_stdio_1                0x0800016b   Thumb Code     0  libshutdown2.o(.ARM.Collect$$libshutdown$$00000003)
    __rt_lib_shutdown_user_alloc_1           0x0800016b   Thumb Code     0  libshutdown2.o(.ARM.Collect$$libshutdown$$0000000B)
    __rt_entry                               0x0800016d   Thumb Code     0  rtentry.o(.ARM.Collect$$rtentry$$00000000)
    __rt_entry_presh_1                       0x0800016d   Thumb Code     0  rtentry2.o(.ARM.Collect$$rtentry$$00000002)
    __rt_entry_sh                            0x0800016d   Thumb Code     0  rtentry4.o(.ARM.Collect$$rtentry$$00000004)
    __rt_entry_li                            0x08000173   Thumb Code     0  rtentry2.o(.ARM.Collect$$rtentry$$0000000A)
    __rt_entry_postsh_1                      0x08000173   Thumb Code     0  rtentry2.o(.ARM.Collect$$rtentry$$00000009)
    __rt_entry_main                          0x08000177   Thumb Code     0  rtentry2.o(.ARM.Collect$$rtentry$$0000000D)
    __rt_entry_postli_1                      0x08000177   Thumb Code     0  rtentry2.o(.ARM.Collect$$rtentry$$0000000C)
    __rt_exit                                0x0800017f   Thumb Code     0  rtexit.o(.ARM.Collect$$rtexit$$00000000)
    __rt_exit_ls                             0x08000181   Thumb Code     0  rtexit2.o(.ARM.Collect$$rtexit$$00000003)
    __rt_exit_prels_1                        0x08000181   Thumb Code     0  rtexit2.o(.ARM.Collect$$rtexit$$00000002)
    __rt_exit_exit                           0x08000185   Thumb Code     0  rtexit2.o(.ARM.Collect$$rtexit$$00000004)
    main                                     0x0800018d   Thumb Code    24  anocopter.o(.text)
    ANO_Config::ANO_Config()                 0x080001ad   Thumb Code     6  ano_config.o(.text)
    ANO_Config::ANO_Config__sub_object()     0x080001ad   Thumb Code     0  ano_config.o(.text)
    ANO_Config::Pilot_Light()                0x080001b3   Thumb Code    76  ano_config.o(.text)
    ANO_Loop()                               0x08000269   Thumb Code    94  ano_scheduler.o(.text)
    ANO_Scheduler::ANO_Scheduler()           0x080002c7   Thumb Code    14  ano_scheduler.o(.text)
    ANO_Scheduler::ANO_Scheduler__sub_object() 0x080002c7   Thumb Code     0  ano_scheduler.o(.text)
    ANO_Filter::LPF_1st_Factor_Cal(float, float) 0x080002f9   Thumb Code    52  ano_filter.o(.text)
    ANO_Filter::LPF_2nd_Factor_Cal(float, float, ANO_Filter::LPF2ndData_t*) 0x0800032d   Thumb Code   234  ano_filter.o(.text)
    ANO_Filter::CF_Factor_Cal(float, float)  0x08000417   Thumb Code    32  ano_filter.o(.text)
    ANO_Filter::LPF_1st(Vector3<float>, Vector3<float>, float) 0x08000437   Thumb Code    78  ano_filter.o(.text)
    ANO_Filter::LPF_2nd(ANO_Filter::LPF2ndData_t*, Vector3<float>) 0x08000485   Thumb Code   156  ano_filter.o(.text)
    ANO_Filter::Baro_LPF_2nd(ANO_Filter::LPF2ndData_t*, float) 0x08000521   Thumb Code    82  ano_filter.o(.text)
    ANO_Filter::Ultra_LPF_2nd(ANO_Filter::LPF2ndData_t*, float) 0x08000573   Thumb Code    82  ano_filter.o(.text)
    ANO_Filter::CF_1st(Vector3<float>, Vector3<float>, float) 0x080005c5   Thumb Code    78  ano_filter.o(.text)
    ANO_IMU::ANO_IMU()                       0x0800062d   Thumb Code   118  ano_imu.o(.text)
    ANO_IMU::ANO_IMU__sub_object()           0x0800062d   Thumb Code     0  ano_imu.o(.text)
    ANO_IMU::sensor_Init()                   0x080006a3   Thumb Code    18  ano_imu.o(.text)
    ANO_IMU::filter_Init()                   0x080006b5   Thumb Code    62  ano_imu.o(.text)
    ANO_IMU::Init()                          0x080006f3   Thumb Code    18  ano_imu.o(.text)
    ANO_IMU::updateSensor()                  0x08000705   Thumb Code    54  ano_imu.o(.text)
    ANO_IMU::DCM_CF(Vector3<float>, Vector3<float>, float) 0x0800073b   Thumb Code   366  ano_imu.o(.text)
    ANO_IMU::getDeltaT(unsigned)             0x080008a9   Thumb Code    46  ano_imu.o(.text)
    ANO_IMU::getAttitude()                   0x080008d7   Thumb Code   184  ano_imu.o(.text)
    ANO_IMU::Quaternion_CF(Vector3<float>, Vector3<float>, float) 0x0800098f   Thumb Code   190  ano_imu.o(.text)
    ANO_DT::Send_Data(unsigned char*, unsigned char) 0x08000aad   Thumb Code    22  ano_dt.o(.text)
    ANO_DT::Send_Check(unsigned char, unsigned char) 0x08000ac3   Thumb Code    72  ano_dt.o(.text)
    ANO_DT::Data_Receive_Anl(unsigned char*, unsigned char) 0x08000b0b   Thumb Code  1006  ano_dt.o(.text)
    ANO_DT::Check_Event()                    0x08000ef9   Thumb Code    12  ano_dt.o(.text)
    ANO_DT::Send_PID(unsigned char, float, float, float, float, float, float, float, float, float) 0x08000f05   Thumb Code   558  ano_dt.o(.text)
    ANO_DT::Send_Power(unsigned short, unsigned short) 0x08001133   Thumb Code   154  ano_dt.o(.text)
    ANO_DT::Send_MotoPWM(unsigned short, unsigned short, unsigned short, unsigned short, unsigned short, unsigned short, unsigned short, unsigned short) 0x080011cd   Thumb Code   336  ano_dt.o(.text)
    ANO_DT::Send_RCData(unsigned short, unsigned short, unsigned short, unsigned short, unsigned short, unsigned short, unsigned short, unsigned short, unsigned short, unsigned short) 0x0800131d   Thumb Code   392  ano_dt.o(.text)
    ANO_DT::Send_Senser2(int, unsigned short) 0x080014a5   Thumb Code   186  ano_dt.o(.text)
    ANO_DT::Send_Senser(short, short, short, short, short, short, short, short, short) 0x0800155f   Thumb Code   412  ano_dt.o(.text)
    ANO_DT::Send_Status(float, float, float, int, unsigned char, unsigned char) 0x080016fb   Thumb Code   346  ano_dt.o(.text)
    ANO_DT::Send_Version(unsigned char, unsigned short, unsigned short, unsigned short, unsigned short) 0x08001855   Thumb Code   216  ano_dt.o(.text)
    ANO_DT::Data_Exchange()                  0x0800192d   Thumb Code   844  ano_dt.o(.text)
    ANO_DT::Failsafe_Check()                 0x08001c79   Thumb Code    46  ano_dt.o(.text)
    ANO_Motor::ResetPWM()                    0x08001cb9   Thumb Code    24  ano_motor.o(.text)
    ANO_Motor::writeMotor(unsigned short, int, int, int) 0x08001cd1   Thumb Code   588  ano_motor.o(.text)
    ANO_Motor::getPWM(short*)                0x08001f1d   Thumb Code    26  ano_motor.o(.text)
    ANO_RC::Init()                           0x08001f51   Thumb Code   156  ano_rc.o(.text)
    ANO_RC::ANO_RC()                         0x08001fed   Thumb Code    14  ano_rc.o(.text)
    ANO_RC::ANO_RC__sub_object()             0x08001fed   Thumb Code     0  ano_rc.o(.text)
    ANO_RC::Cal_Command()                    0x08001ffb   Thumb Code   458  ano_rc.o(.text)
    ANO_RC::check_sticks()                   0x080021c5   Thumb Code   250  ano_rc.o(.text)
    ANO_RC::CheckAUX()                       0x080022bf   Thumb Code    64  ano_rc.o(.text)
    ANO_PID::get_d(int, float)               0x0800232d   Thumb Code   142  ano_pid.o(.text)
    ANO_PID::get_i(int, float)               0x080023bb   Thumb Code    94  ano_pid.o(.text)
    ANO_PID::get_p(int)                      0x08002419   Thumb Code    32  ano_pid.o(.text)
    ANO_PID::get_pid(int, float)             0x08002439   Thumb Code    48  ano_pid.o(.text)
    ANO_PID::get_pi(int, float)              0x08002469   Thumb Code    36  ano_pid.o(.text)
    ANO_PID::reset_I()                       0x0800248d   Thumb Code     6  ano_pid.o(.text)
    ANO_FlyControl::PID_Reset()              0x08002499   Thumb Code    96  ano_flycontrol.o(.text)
    ANO_FlyControl::ANO_FlyControl()         0x080024f9   Thumb Code    34  ano_flycontrol.o(.text)
    ANO_FlyControl::ANO_FlyControl__sub_object() 0x080024f9   Thumb Code     0  ano_flycontrol.o(.text)
    ANO_FlyControl::Attitude_Outter_Loop()   0x0800251b   Thumb Code   284  ano_flycontrol.o(.text)
    ANO_FlyControl::Attitude_Inner_Loop()    0x08002637   Thumb Code   350  ano_flycontrol.o(.text)
    ANO_Param::SAVE_FirstInitFlag()          0x080027e1   Thumb Code    18  ano_param.o(.text)
    ANO_Param::READ_GYRO_OFFSET()            0x080027f3   Thumb Code    68  ano_param.o(.text)
    ANO_Param::READ_ACC_OFFSET()             0x08002837   Thumb Code    68  ano_param.o(.text)
    ANO_Param::READ_PID()                    0x0800287b   Thumb Code   552  ano_param.o(.text)
    ANO_Param::READ_CONF()                   0x08002aa3   Thumb Code    24  ano_param.o(.text)
    ANO_Param::SAVE_PID()                    0x08002abb   Thumb Code   542  ano_param.o(.text)
    ANO_Param::READ_FirstInitFlag()          0x08002cd9   Thumb Code    20  ano_param.o(.text)
    ANO_Param::Init()                        0x08002ced   Thumb Code    38  ano_param.o(.text)
    ANO_Param::SAVE_ACC_OFFSET()             0x08002d13   Thumb Code    48  ano_param.o(.text)
    ANO_Param::SAVE_GYRO_OFFSET()            0x08002d43   Thumb Code    48  ano_param.o(.text)
    safe_asin(float)                         0x08002d8d   Thumb Code    54  ano_math.o(.text)
    constrain_float(float, float, float)     0x08002dc3   Thumb Code    72  ano_math.o(.text)
    constrain_int16(short, short, short)     0x08002e0b   Thumb Code    22  ano_math.o(.text)
    constrain_uint16(unsigned short, unsigned short, unsigned short) 0x08002e21   Thumb Code    22  ano_math.o(.text)
    constrain_int32(int, int, int)           0x08002e37   Thumb Code    22  ano_math.o(.text)
    applyDeadband(int, int)                  0x08002e4d   Thumb Code    34  ano_math.o(.text)
    radians(float)                           0x08002e6f   Thumb Code    14  ano_math.o(.text)
    degrees(float)                           0x08002e7d   Thumb Code    14  ano_math.o(.text)
    sq(float)                                0x08002e8b   Thumb Code    14  ano_math.o(.text)
    pythagorous2(float, float)               0x08002e99   Thumb Code    40  ano_math.o(.text)
    pythagorous3(float, float, float)        0x08002ec1   Thumb Code    58  ano_math.o(.text)
    pythagorous4(float, float, float, float) 0x08002efb   Thumb Code    76  ano_math.o(.text)
    Quaternion::normalize()                  0x08002f5d   Thumb Code    56  ano_quaternion.o(.text)
    Quaternion::rotation_matrix(Matrix3<float>&) 0x08002f95   Thumb Code   316  ano_quaternion.o(.text)
    Quaternion::vector_gravity(Vector3<float>&) 0x080030d1   Thumb Code   136  ano_quaternion.o(.text)
    Quaternion::earth_to_body(Vector3<float>&) 0x08003159   Thumb Code    90  ano_quaternion.o(.text)
    Quaternion::Runge_Kutta_1st(Vector3<float>&, float) 0x080031b3   Thumb Code   500  ano_quaternion.o(.text)
    Quaternion::from_euler(float, float, float) 0x080033a7   Thumb Code   304  ano_quaternion.o(.text)
    Quaternion::to_euler(float*, float*, float*) 0x080034d7   Thumb Code   278  ano_quaternion.o(.text)
    SysTick_IRQ()                            0x08003607   Thumb Code    54  board.o(.text)
    GetSysTime_us()                          0x0800363d   Thumb Code    58  board.o(.text)
    DelayUs(unsigned)                        0x08003677   Thumb Code    24  board.o(.text)
    DelayMs(unsigned)                        0x0800368f   Thumb Code    24  board.o(.text)
    ANO_Hexacopter_board_Init()              0x080036a7   Thumb Code   140  board.o(.text)
    NMI_Handler                              0x08003755   Thumb Code     2  stm32f10x_it.o(.text)
    MemManage_Handler                        0x08003757   Thumb Code     4  stm32f10x_it.o(.text)
    BusFault_Handler                         0x0800375b   Thumb Code     4  stm32f10x_it.o(.text)
    UsageFault_Handler                       0x0800375f   Thumb Code     4  stm32f10x_it.o(.text)
    SVC_Handler                              0x08003763   Thumb Code     2  stm32f10x_it.o(.text)
    DebugMon_Handler                         0x08003765   Thumb Code     2  stm32f10x_it.o(.text)
    SysTick_Handler                          0x08003767   Thumb Code     8  stm32f10x_it.o(.text)
    USART1_IRQHandler                        0x0800376f   Thumb Code     2  stm32f10x_it.o(.text)
    USART3_IRQHandler                        0x08003771   Thumb Code    10  stm32f10x_it.o(.text)
    ANO_I2C_Soft::ANO_I2C_Soft()             0x08003781   Thumb Code     2  ano_drv_i2c_soft.o(.text)
    ANO_I2C_Soft::ANO_I2C_Soft__sub_object() 0x08003781   Thumb Code     0  ano_drv_i2c_soft.o(.text)
    ANO_I2C_Soft::Init()                     0x08003783   Thumb Code    64  ano_drv_i2c_soft.o(.text)
    ANO_I2C_Soft::I2C_delay()                0x080037c3   Thumb Code     2  ano_drv_i2c_soft.o(.text)
    ANO_I2C_Soft::I2C_Stop()                 0x080037c5   Thumb Code    62  ano_drv_i2c_soft.o(.text)
    ANO_I2C_Soft::I2C_WaitAck()              0x08003803   Thumb Code    94  ano_drv_i2c_soft.o(.text)
    ANO_I2C_Soft::I2C_SendByte(unsigned char) 0x08003861   Thumb Code    88  ano_drv_i2c_soft.o(.text)
    ANO_I2C_Soft::I2C_Start()                0x080038b9   Thumb Code    94  ano_drv_i2c_soft.o(.text)
    ANO_I2C_Soft::I2C_Single_Write(unsigned char, unsigned char, unsigned char) 0x08003917   Thumb Code    86  ano_drv_i2c_soft.o(.text)
    ANO_I2C_Soft::I2C_NoAck()                0x0800396d   Thumb Code    62  ano_drv_i2c_soft.o(.text)
    ANO_I2C_Soft::I2C_ReadByte()             0x080039ab   Thumb Code    86  ano_drv_i2c_soft.o(.text)
    ANO_I2C_Soft::I2C_Single_Read(unsigned char, unsigned char) 0x08003a01   Thumb Code   106  ano_drv_i2c_soft.o(.text)
    ANO_I2C_Soft::I2C_Ack()                  0x08003a6b   Thumb Code    62  ano_drv_i2c_soft.o(.text)
    ANO_I2C_Soft::I2C_Mult_Read(unsigned char, unsigned char, unsigned char*, unsigned char) 0x08003aa9   Thumb Code   156  ano_drv_i2c_soft.o(.text)
    ANO_MPU6050::ANO_MPU6050()               0x08003b49   Thumb Code    72  ano_drv_mpu6050.o(.text)
    ANO_MPU6050::ANO_MPU6050__sub_object()   0x08003b49   Thumb Code     0  ano_drv_mpu6050.o(.text)
    ANO_MPU6050::delayms(unsigned short)     0x08003b91   Thumb Code    32  ano_drv_mpu6050.o(.text)
    ANO_MPU6050::Init(unsigned short, unsigned short) 0x08003bb1   Thumb Code   190  ano_drv_mpu6050.o(.text)
    ANO_MPU6050::CalOffset_Acc()             0x08003c6f   Thumb Code   230  ano_drv_mpu6050.o(.text)
    ANO_MPU6050::Read_Acc_Data()             0x08003d55   Thumb Code   186  ano_drv_mpu6050.o(.text)
    ANO_MPU6050::CalOffset_Gyro()            0x08003e0f   Thumb Code   236  ano_drv_mpu6050.o(.text)
    ANO_MPU6050::Read_Gyro_Data()            0x08003efb   Thumb Code   186  ano_drv_mpu6050.o(.text)
    ANO_MPU6050::Get_Acc()                   0x08003fb5   Thumb Code    14  ano_drv_mpu6050.o(.text)
    ANO_MPU6050::Get_Gyro()                  0x08003fc3   Thumb Code    14  ano_drv_mpu6050.o(.text)
    ANO_MPU6050::Get_Gyro_in_dps(Vector3<float>) 0x08003fd1   Thumb Code    72  ano_drv_mpu6050.o(.text)
    ANO_SPI2::Init()                         0x0800404d   Thumb Code   196  ano_drv_spi2.o(.text)
    ANO_SPI2::RW(unsigned char)              0x08004111   Thumb Code    52  ano_drv_spi2.o(.text)
    ANO_SPI2::CE_H()                         0x08004145   Thumb Code    16  ano_drv_spi2.o(.text)
    ANO_SPI2::CE_L()                         0x08004155   Thumb Code    16  ano_drv_spi2.o(.text)
    ANO_SPI2::CSN_H()                        0x08004165   Thumb Code    16  ano_drv_spi2.o(.text)
    ANO_SPI2::CSN_L()                        0x08004175   Thumb Code    16  ano_drv_spi2.o(.text)
    ANO_NRF::Write_Reg(unsigned char, unsigned char) 0x08004191   Thumb Code    46  ano_drv_nrf24l01.o(.text)
    ANO_NRF::Write_Buf(unsigned char, unsigned char*, unsigned char) 0x080041bf   Thumb Code    60  ano_drv_nrf24l01.o(.text)
    ANO_NRF::Init(unsigned char, unsigned char) 0x080041fb   Thumb Code   286  ano_drv_nrf24l01.o(.text)
    ANO_NRF::TxPacket(unsigned char*, unsigned char) 0x08004319   Thumb Code    46  ano_drv_nrf24l01.o(.text)
    ANO_NRF::TxPacket_AP(unsigned char*, unsigned char) 0x08004347   Thumb Code    34  ano_drv_nrf24l01.o(.text)
    ANO_NRF::Read_Buf(unsigned char, unsigned char*, unsigned char) 0x08004369   Thumb Code    62  ano_drv_nrf24l01.o(.text)
    ANO_NRF::Check()                         0x080043a7   Thumb Code    68  ano_drv_nrf24l01.o(.text)
    ANO_NRF::Read_Reg(unsigned char)         0x080043eb   Thumb Code    40  ano_drv_nrf24l01.o(.text)
    ANO_NRF::Check_Event()                   0x08004413   Thumb Code   104  ano_drv_nrf24l01.o(.text)
    ANO_PWM::out_Init(unsigned short)        0x08004489   Thumb Code   350  ano_drv_pwm.o(.text)
    ANO_PWM::SetPwm(short*)                  0x080045e7   Thumb Code   122  ano_drv_pwm.o(.text)
    InitCurrWrAddress()                      0x080046c9   Thumb Code    92  ano_drv_eeprom.o(.text)
    EE_ReadVariable(unsigned short, unsigned short*) 0x080047d3   Thumb Code    88  ano_drv_eeprom.o(.text)
    __EE_Init()                              0x0800482b   Thumb Code   488  ano_drv_eeprom.o(.text)
    EE_Init()                                0x08004a13   Thumb Code    16  ano_drv_eeprom.o(.text)
    EE_WriteVariable(unsigned short, unsigned short) 0x08004b1d   Thumb Code    36  ano_drv_eeprom.o(.text)
    ANO_LED::Init()                          0x08004b51   Thumb Code    64  ano_drv_led.o(.text)
    ANO_LED::ON1()                           0x08004b91   Thumb Code    16  ano_drv_led.o(.text)
    ANO_LED::ON2()                           0x08004ba1   Thumb Code    16  ano_drv_led.o(.text)
    ANO_LED::OFF1()                          0x08004bb1   Thumb Code    16  ano_drv_led.o(.text)
    ANO_LED::OFF2()                          0x08004bc1   Thumb Code    16  ano_drv_led.o(.text)
    ANO_MS5611::Start_T()                    0x08004bd5   Thumb Code    18  ano_drv_ms5611.o(.text)
    ANO_MS5611::Read_Prom()                  0x08004be7   Thumb Code    80  ano_drv_ms5611.o(.text)
    ANO_MS5611::Reset()                      0x08004c37   Thumb Code    18  ano_drv_ms5611.o(.text)
    ANO_MS5611::Init()                       0x08004c49   Thumb Code    36  ano_drv_ms5611.o(.text)
    ANO_MS5611::Start_P()                    0x08004c6d   Thumb Code    18  ano_drv_ms5611.o(.text)
    ANO_MS5611::Read_Adc_T()                 0x08004c7f   Thumb Code    24  ano_drv_ms5611.o(.text)
    ANO_MS5611::BaroAltCalculate()           0x08004c97   Thumb Code   452  ano_drv_ms5611.o(.text)
    ANO_MS5611::Read_Adc_P()                 0x08004e5b   Thumb Code    24  ano_drv_ms5611.o(.text)
    ANO_MS5611::Update()                     0x08004e73   Thumb Code    56  ano_drv_ms5611.o(.text)
    ANO_MS5611::Get_BaroAlt()                0x08004eab   Thumb Code     6  ano_drv_ms5611.o(.text)
    ANO_UART3::Init(unsigned)                0x08004ee1   Thumb Code   198  ano_drv_uart3.o(.text)
    ANO_UART3::IRQ()                         0x08004fa7   Thumb Code   116  ano_drv_uart3.o(.text)
    ANO_UART3::Put_Char(unsigned char)       0x0800501b   Thumb Code    48  ano_drv_uart3.o(.text)
    ANO_UART3::Put_String(unsigned char*)    0x0800504b   Thumb Code    58  ano_drv_uart3.o(.text)
    ANO_UART3::Put_Buf(unsigned char*, unsigned char) 0x08005085   Thumb Code    68  ano_drv_uart3.o(.text)
    NVIC_PriorityGroupConfig                 0x080050dd   Thumb Code    10  misc.o(.text)
    NVIC_Init                                0x080050e7   Thumb Code   100  misc.o(.text)
    NVIC_SetVectorTable                      0x0800514b   Thumb Code    14  misc.o(.text)
    NVIC_SystemLPConfig                      0x08005159   Thumb Code    34  misc.o(.text)
    SysTick_CLKSourceConfig                  0x0800517b   Thumb Code    40  misc.o(.text)
    GPIO_DeInit                              0x080051b9   Thumb Code   172  stm32f10x_gpio.o(.text)
    GPIO_AFIODeInit                          0x08005265   Thumb Code    20  stm32f10x_gpio.o(.text)
    GPIO_Init                                0x08005279   Thumb Code   278  stm32f10x_gpio.o(.text)
    GPIO_StructInit                          0x0800538f   Thumb Code    16  stm32f10x_gpio.o(.text)
    GPIO_ReadInputDataBit                    0x0800539f   Thumb Code    18  stm32f10x_gpio.o(.text)
    GPIO_ReadInputData                       0x080053b1   Thumb Code     8  stm32f10x_gpio.o(.text)
    GPIO_ReadOutputDataBit                   0x080053b9   Thumb Code    18  stm32f10x_gpio.o(.text)
    GPIO_ReadOutputData                      0x080053cb   Thumb Code     8  stm32f10x_gpio.o(.text)
    GPIO_SetBits                             0x080053d3   Thumb Code     4  stm32f10x_gpio.o(.text)
    GPIO_ResetBits                           0x080053d7   Thumb Code     4  stm32f10x_gpio.o(.text)
    GPIO_WriteBit                            0x080053db   Thumb Code    10  stm32f10x_gpio.o(.text)
    GPIO_Write                               0x080053e5   Thumb Code     4  stm32f10x_gpio.o(.text)
    GPIO_PinLockConfig                       0x080053e9   Thumb Code    18  stm32f10x_gpio.o(.text)
    GPIO_EventOutputConfig                   0x080053fb   Thumb Code    26  stm32f10x_gpio.o(.text)
    GPIO_EventOutputCmd                      0x08005415   Thumb Code     6  stm32f10x_gpio.o(.text)
    GPIO_PinRemapConfig                      0x0800541b   Thumb Code   138  stm32f10x_gpio.o(.text)
    GPIO_EXTILineConfig                      0x080054a5   Thumb Code    66  stm32f10x_gpio.o(.text)
    GPIO_ETH_MediaInterfaceConfig            0x080054e7   Thumb Code     8  stm32f10x_gpio.o(.text)
    RCC_DeInit                               0x08005515   Thumb Code    64  stm32f10x_rcc.o(.text)
    RCC_HSEConfig                            0x08005555   Thumb Code    70  stm32f10x_rcc.o(.text)
    RCC_GetFlagStatus                        0x0800559b   Thumb Code    56  stm32f10x_rcc.o(.text)
    RCC_WaitForHSEStartUp                    0x080055d3   Thumb Code    56  stm32f10x_rcc.o(.text)
    RCC_AdjustHSICalibrationValue            0x0800560b   Thumb Code    20  stm32f10x_rcc.o(.text)
    RCC_HSICmd                               0x0800561f   Thumb Code     6  stm32f10x_rcc.o(.text)
    RCC_PLLConfig                            0x08005625   Thumb Code    24  stm32f10x_rcc.o(.text)
    RCC_PLLCmd                               0x0800563d   Thumb Code     6  stm32f10x_rcc.o(.text)
    RCC_SYSCLKConfig                         0x08005643   Thumb Code    18  stm32f10x_rcc.o(.text)
    RCC_GetSYSCLKSource                      0x08005655   Thumb Code    10  stm32f10x_rcc.o(.text)
    RCC_HCLKConfig                           0x0800565f   Thumb Code    18  stm32f10x_rcc.o(.text)
    RCC_PCLK1Config                          0x08005671   Thumb Code    18  stm32f10x_rcc.o(.text)
    RCC_PCLK2Config                          0x08005683   Thumb Code    20  stm32f10x_rcc.o(.text)
    RCC_ITConfig                             0x08005697   Thumb Code    26  stm32f10x_rcc.o(.text)
    RCC_USBCLKConfig                         0x080056b1   Thumb Code     8  stm32f10x_rcc.o(.text)
    RCC_ADCCLKConfig                         0x080056b9   Thumb Code    18  stm32f10x_rcc.o(.text)
    RCC_LSEConfig                            0x080056cb   Thumb Code    50  stm32f10x_rcc.o(.text)
    RCC_LSICmd                               0x080056fd   Thumb Code     6  stm32f10x_rcc.o(.text)
    RCC_RTCCLKConfig                         0x08005703   Thumb Code    12  stm32f10x_rcc.o(.text)
    RCC_RTCCLKCmd                            0x0800570f   Thumb Code     8  stm32f10x_rcc.o(.text)
    RCC_GetClocksFreq                        0x08005717   Thumb Code   192  stm32f10x_rcc.o(.text)
    RCC_AHBPeriphClockCmd                    0x080057d7   Thumb Code    26  stm32f10x_rcc.o(.text)
    RCC_APB2PeriphClockCmd                   0x080057f1   Thumb Code    26  stm32f10x_rcc.o(.text)
    RCC_APB1PeriphClockCmd                   0x0800580b   Thumb Code    26  stm32f10x_rcc.o(.text)
    RCC_APB2PeriphResetCmd                   0x08005825   Thumb Code    26  stm32f10x_rcc.o(.text)
    RCC_APB1PeriphResetCmd                   0x0800583f   Thumb Code    26  stm32f10x_rcc.o(.text)
    RCC_BackupResetCmd                       0x08005859   Thumb Code     8  stm32f10x_rcc.o(.text)
    RCC_ClockSecuritySystemCmd               0x08005861   Thumb Code     6  stm32f10x_rcc.o(.text)
    RCC_MCOConfig                            0x08005867   Thumb Code     6  stm32f10x_rcc.o(.text)
    RCC_ClearFlag                            0x0800586d   Thumb Code    14  stm32f10x_rcc.o(.text)
    RCC_GetITStatus                          0x0800587b   Thumb Code    20  stm32f10x_rcc.o(.text)
    RCC_ClearITPendingBit                    0x0800588f   Thumb Code     6  stm32f10x_rcc.o(.text)
    TIM_DeInit                               0x080058b9   Thumb Code   424  stm32f10x_tim.o(.text)
    TIM_TimeBaseInit                         0x08005a61   Thumb Code   122  stm32f10x_tim.o(.text)
    TIM_OC1Init                              0x08005adb   Thumb Code   132  stm32f10x_tim.o(.text)
    TIM_OC2Init                              0x08005b5f   Thumb Code   154  stm32f10x_tim.o(.text)
    TIM_OC3Init                              0x08005bf9   Thumb Code   150  stm32f10x_tim.o(.text)
    TIM_OC4Init                              0x08005c8f   Thumb Code   182  stm32f10x_tim.o(.text)
    TIM_SetIC4Prescaler                      0x08005d45   Thumb Code    26  stm32f10x_tim.o(.text)
    TIM_SetIC3Prescaler                      0x08005de1   Thumb Code    18  stm32f10x_tim.o(.text)
    TIM_SetIC2Prescaler                      0x08005e6d   Thumb Code    26  stm32f10x_tim.o(.text)
    TIM_SetIC1Prescaler                      0x08005f09   Thumb Code    18  stm32f10x_tim.o(.text)
    TIM_ICInit                               0x08005f87   Thumb Code   150  stm32f10x_tim.o(.text)
    TIM_PWMIConfig                           0x0800601d   Thumb Code   124  stm32f10x_tim.o(.text)
    TIM_BDTRConfig                           0x08006099   Thumb Code    32  stm32f10x_tim.o(.text)
    TIM_TimeBaseStructInit                   0x080060b9   Thumb Code    18  stm32f10x_tim.o(.text)
    TIM_OCStructInit                         0x080060cb   Thumb Code    20  stm32f10x_tim.o(.text)
    TIM_ICStructInit                         0x080060df   Thumb Code    18  stm32f10x_tim.o(.text)
    TIM_BDTRStructInit                       0x080060f1   Thumb Code    40  stm32f10x_tim.o(.text)
    TIM_Cmd                                  0x08006119   Thumb Code    24  stm32f10x_tim.o(.text)
    TIM_CtrlPWMOutputs                       0x08006131   Thumb Code    30  stm32f10x_tim.o(.text)
    TIM_ITConfig                             0x0800614f   Thumb Code    18  stm32f10x_tim.o(.text)
    TIM_GenerateEvent                        0x08006161   Thumb Code     4  stm32f10x_tim.o(.text)
    TIM_DMAConfig                            0x08006165   Thumb Code    10  stm32f10x_tim.o(.text)
    TIM_DMACmd                               0x0800616f   Thumb Code    18  stm32f10x_tim.o(.text)
    TIM_InternalClockConfig                  0x08006181   Thumb Code    12  stm32f10x_tim.o(.text)
    TIM_SelectInputTrigger                   0x0800618d   Thumb Code    18  stm32f10x_tim.o(.text)
    TIM_ITRxExternalClockConfig              0x0800619f   Thumb Code    24  stm32f10x_tim.o(.text)
    TIM_TIxExternalClockConfig               0x080061b7   Thumb Code    62  stm32f10x_tim.o(.text)
    TIM_ETRConfig                            0x080061f5   Thumb Code    28  stm32f10x_tim.o(.text)
    TIM_ETRClockMode1Config                  0x08006211   Thumb Code    54  stm32f10x_tim.o(.text)
    TIM_ETRClockMode2Config                  0x08006247   Thumb Code    32  stm32f10x_tim.o(.text)
    TIM_PrescalerConfig                      0x08006267   Thumb Code     6  stm32f10x_tim.o(.text)
    TIM_CounterModeConfig                    0x0800626d   Thumb Code    18  stm32f10x_tim.o(.text)
    TIM_EncoderInterfaceConfig               0x0800627f   Thumb Code    66  stm32f10x_tim.o(.text)
    TIM_ForcedOC1Config                      0x080062c1   Thumb Code    18  stm32f10x_tim.o(.text)
    TIM_ForcedOC2Config                      0x080062d3   Thumb Code    26  stm32f10x_tim.o(.text)
    TIM_ForcedOC3Config                      0x080062ed   Thumb Code    18  stm32f10x_tim.o(.text)
    TIM_ForcedOC4Config                      0x080062ff   Thumb Code    26  stm32f10x_tim.o(.text)
    TIM_ARRPreloadConfig                     0x08006319   Thumb Code    24  stm32f10x_tim.o(.text)
    TIM_SelectCOM                            0x08006331   Thumb Code    24  stm32f10x_tim.o(.text)
    TIM_SelectCCDMA                          0x08006349   Thumb Code    24  stm32f10x_tim.o(.text)
    TIM_CCPreloadControl                     0x08006361   Thumb Code    24  stm32f10x_tim.o(.text)
    TIM_OC1PreloadConfig                     0x08006379   Thumb Code    18  stm32f10x_tim.o(.text)
    TIM_OC2PreloadConfig                     0x0800638b   Thumb Code    26  stm32f10x_tim.o(.text)
    TIM_OC3PreloadConfig                     0x080063a5   Thumb Code    18  stm32f10x_tim.o(.text)
    TIM_OC4PreloadConfig                     0x080063b7   Thumb Code    26  stm32f10x_tim.o(.text)
    TIM_OC1FastConfig                        0x080063d1   Thumb Code    18  stm32f10x_tim.o(.text)
    TIM_OC2FastConfig                        0x080063e3   Thumb Code    26  stm32f10x_tim.o(.text)
    TIM_OC3FastConfig                        0x080063fd   Thumb Code    18  stm32f10x_tim.o(.text)
    TIM_OC4FastConfig                        0x0800640f   Thumb Code    26  stm32f10x_tim.o(.text)
    TIM_ClearOC1Ref                          0x08006429   Thumb Code    18  stm32f10x_tim.o(.text)
    TIM_ClearOC2Ref                          0x0800643b   Thumb Code    24  stm32f10x_tim.o(.text)
    TIM_ClearOC3Ref                          0x08006453   Thumb Code    18  stm32f10x_tim.o(.text)
    TIM_ClearOC4Ref                          0x08006465   Thumb Code    24  stm32f10x_tim.o(.text)
    TIM_OC1PolarityConfig                    0x0800647d   Thumb Code    18  stm32f10x_tim.o(.text)
    TIM_OC1NPolarityConfig                   0x0800648f   Thumb Code    18  stm32f10x_tim.o(.text)
    TIM_OC2PolarityConfig                    0x080064a1   Thumb Code    26  stm32f10x_tim.o(.text)
    TIM_OC2NPolarityConfig                   0x080064bb   Thumb Code    26  stm32f10x_tim.o(.text)
    TIM_OC3PolarityConfig                    0x080064d5   Thumb Code    26  stm32f10x_tim.o(.text)
    TIM_OC3NPolarityConfig                   0x080064ef   Thumb Code    26  stm32f10x_tim.o(.text)
    TIM_OC4PolarityConfig                    0x08006509   Thumb Code    26  stm32f10x_tim.o(.text)
    TIM_CCxCmd                               0x08006523   Thumb Code    30  stm32f10x_tim.o(.text)
    TIM_CCxNCmd                              0x08006541   Thumb Code    30  stm32f10x_tim.o(.text)
    TIM_SelectOCxM                           0x0800655f   Thumb Code    82  stm32f10x_tim.o(.text)
    TIM_UpdateDisableConfig                  0x080065b1   Thumb Code    24  stm32f10x_tim.o(.text)
    TIM_UpdateRequestConfig                  0x080065c9   Thumb Code    24  stm32f10x_tim.o(.text)
    TIM_SelectHallSensor                     0x080065e1   Thumb Code    24  stm32f10x_tim.o(.text)
    TIM_SelectOnePulseMode                   0x080065f9   Thumb Code    18  stm32f10x_tim.o(.text)
    TIM_SelectOutputTrigger                  0x0800660b   Thumb Code    18  stm32f10x_tim.o(.text)
    TIM_SelectSlaveMode                      0x0800661d   Thumb Code    18  stm32f10x_tim.o(.text)
    TIM_SelectMasterSlaveMode                0x0800662f   Thumb Code    18  stm32f10x_tim.o(.text)
    TIM_SetCounter                           0x08006641   Thumb Code     4  stm32f10x_tim.o(.text)
    TIM_SetAutoreload                        0x08006645   Thumb Code     4  stm32f10x_tim.o(.text)
    TIM_SetCompare1                          0x08006649   Thumb Code     4  stm32f10x_tim.o(.text)
    TIM_SetCompare2                          0x0800664d   Thumb Code     4  stm32f10x_tim.o(.text)
    TIM_SetCompare3                          0x08006651   Thumb Code     4  stm32f10x_tim.o(.text)
    TIM_SetCompare4                          0x08006655   Thumb Code     6  stm32f10x_tim.o(.text)
    TIM_SetClockDivision                     0x0800665b   Thumb Code    18  stm32f10x_tim.o(.text)
    TIM_GetCapture1                          0x0800666d   Thumb Code     6  stm32f10x_tim.o(.text)
    TIM_GetCapture2                          0x08006673   Thumb Code     6  stm32f10x_tim.o(.text)
    TIM_GetCapture3                          0x08006679   Thumb Code     6  stm32f10x_tim.o(.text)
    TIM_GetCapture4                          0x0800667f   Thumb Code     8  stm32f10x_tim.o(.text)
    TIM_GetCounter                           0x08006687   Thumb Code     6  stm32f10x_tim.o(.text)
    TIM_GetPrescaler                         0x0800668d   Thumb Code     6  stm32f10x_tim.o(.text)
    TIM_GetFlagStatus                        0x08006693   Thumb Code    18  stm32f10x_tim.o(.text)
    TIM_ClearFlag                            0x080066a5   Thumb Code     6  stm32f10x_tim.o(.text)
    TIM_GetITStatus                          0x080066ab   Thumb Code    34  stm32f10x_tim.o(.text)
    TIM_ClearITPendingBit                    0x080066cd   Thumb Code     6  stm32f10x_tim.o(.text)
    USART_DeInit                             0x080066d5   Thumb Code   134  stm32f10x_usart.o(.text)
    USART_Init                               0x0800675b   Thumb Code   210  stm32f10x_usart.o(.text)
    USART_StructInit                         0x0800682d   Thumb Code    24  stm32f10x_usart.o(.text)
    USART_ClockInit                          0x08006845   Thumb Code    34  stm32f10x_usart.o(.text)
    USART_ClockStructInit                    0x08006867   Thumb Code    12  stm32f10x_usart.o(.text)
    USART_Cmd                                0x08006873   Thumb Code    24  stm32f10x_usart.o(.text)
    USART_ITConfig                           0x0800688b   Thumb Code    74  stm32f10x_usart.o(.text)
    USART_DMACmd                             0x080068d5   Thumb Code    18  stm32f10x_usart.o(.text)
    USART_SetAddress                         0x080068e7   Thumb Code    18  stm32f10x_usart.o(.text)
    USART_WakeUpConfig                       0x080068f9   Thumb Code    18  stm32f10x_usart.o(.text)
    USART_ReceiverWakeUpCmd                  0x0800690b   Thumb Code    24  stm32f10x_usart.o(.text)
    USART_LINBreakDetectLengthConfig         0x08006923   Thumb Code    18  stm32f10x_usart.o(.text)
    USART_LINCmd                             0x08006935   Thumb Code    24  stm32f10x_usart.o(.text)
    USART_SendData                           0x0800694d   Thumb Code     8  stm32f10x_usart.o(.text)
    USART_ReceiveData                        0x08006955   Thumb Code    10  stm32f10x_usart.o(.text)
    USART_SendBreak                          0x0800695f   Thumb Code    10  stm32f10x_usart.o(.text)
    USART_SetGuardTime                       0x08006969   Thumb Code    16  stm32f10x_usart.o(.text)
    USART_SetPrescaler                       0x08006979   Thumb Code    16  stm32f10x_usart.o(.text)
    USART_SmartCardCmd                       0x08006989   Thumb Code    24  stm32f10x_usart.o(.text)
    USART_SmartCardNACKCmd                   0x080069a1   Thumb Code    24  stm32f10x_usart.o(.text)
    USART_HalfDuplexCmd                      0x080069b9   Thumb Code    24  stm32f10x_usart.o(.text)
    USART_OverSampling8Cmd                   0x080069d1   Thumb Code    22  stm32f10x_usart.o(.text)
    USART_OneBitMethodCmd                    0x080069e7   Thumb Code    24  stm32f10x_usart.o(.text)
    USART_IrDAConfig                         0x080069ff   Thumb Code    18  stm32f10x_usart.o(.text)
    USART_IrDACmd                            0x08006a11   Thumb Code    24  stm32f10x_usart.o(.text)
    USART_GetFlagStatus                      0x08006a29   Thumb Code    26  stm32f10x_usart.o(.text)
    USART_ClearFlag                          0x08006a43   Thumb Code    18  stm32f10x_usart.o(.text)
    USART_GetITStatus                        0x08006a55   Thumb Code    84  stm32f10x_usart.o(.text)
    USART_ClearITPendingBit                  0x08006aa9   Thumb Code    52  stm32f10x_usart.o(.text)
    FLASH_SetLatency                         0x08006add   Thumb Code    18  stm32f10x_flash.o(.text)
    FLASH_HalfCycleAccessCmd                 0x08006aef   Thumb Code    22  stm32f10x_flash.o(.text)
    FLASH_PrefetchBufferCmd                  0x08006b05   Thumb Code    22  stm32f10x_flash.o(.text)
    FLASH_Unlock                             0x08006b1b   Thumb Code    12  stm32f10x_flash.o(.text)
    FLASH_UnlockBank1                        0x08006b27   Thumb Code    12  stm32f10x_flash.o(.text)
    FLASH_Lock                               0x08006b33   Thumb Code    14  stm32f10x_flash.o(.text)
    FLASH_LockBank1                          0x08006b41   Thumb Code    14  stm32f10x_flash.o(.text)
    FLASH_GetBank1Status                     0x08006b4f   Thumb Code    48  stm32f10x_flash.o(.text)
    FLASH_WaitForLastOperation               0x08006b7f   Thumb Code    38  stm32f10x_flash.o(.text)
    FLASH_ErasePage                          0x08006ba5   Thumb Code    72  stm32f10x_flash.o(.text)
    FLASH_EraseAllPages                      0x08006bed   Thumb Code    68  stm32f10x_flash.o(.text)
    FLASH_WaitForLastBank1Operation          0x08006c31   Thumb Code    38  stm32f10x_flash.o(.text)
    FLASH_EraseAllBank1Pages                 0x08006c57   Thumb Code    68  stm32f10x_flash.o(.text)
    FLASH_GetReadOutProtectionStatus         0x08006c9b   Thumb Code    20  stm32f10x_flash.o(.text)
    FLASH_EraseOptionBytes                   0x08006caf   Thumb Code   150  stm32f10x_flash.o(.text)
    FLASH_ProgramWord                        0x08006d45   Thumb Code   102  stm32f10x_flash.o(.text)
    FLASH_ProgramHalfWord                    0x08006dab   Thumb Code    60  stm32f10x_flash.o(.text)
    FLASH_ProgramOptionByteData              0x08006de7   Thumb Code    72  stm32f10x_flash.o(.text)
    FLASH_EnableWriteProtection              0x08006e2f   Thumb Code   200  stm32f10x_flash.o(.text)
    FLASH_ReadOutProtection                  0x08006ef7   Thumb Code   156  stm32f10x_flash.o(.text)
    FLASH_UserOptionByteConfig               0x08006f93   Thumb Code    88  stm32f10x_flash.o(.text)
    FLASH_GetUserOptionByte                  0x08006feb   Thumb Code     8  stm32f10x_flash.o(.text)
    FLASH_GetWriteProtectionOptionByte       0x08006ff3   Thumb Code     6  stm32f10x_flash.o(.text)
    FLASH_GetPrefetchBufferStatus            0x08006ff9   Thumb Code    20  stm32f10x_flash.o(.text)
    FLASH_ITConfig                           0x0800700d   Thumb Code    26  stm32f10x_flash.o(.text)
    FLASH_GetFlagStatus                      0x08007027   Thumb Code    42  stm32f10x_flash.o(.text)
    FLASH_ClearFlag                          0x08007051   Thumb Code     6  stm32f10x_flash.o(.text)
    FLASH_GetStatus                          0x08007057   Thumb Code    48  stm32f10x_flash.o(.text)
    SystemInit                               0x08007177   Thumb Code    78  system_stm32f10x.o(.text)
    SystemCoreClockUpdate                    0x080071c5   Thumb Code   142  system_stm32f10x.o(.text)
    Reset_Handler                            0x08007279   Thumb Code     8  startup_stm32f10x_md.o(.text)
    HardFault_Handler                        0x08007283   Thumb Code     2  startup_stm32f10x_md.o(.text)
    PendSV_Handler                           0x0800728f   Thumb Code     2  startup_stm32f10x_md.o(.text)
    ADC1_2_IRQHandler                        0x08007293   Thumb Code     0  startup_stm32f10x_md.o(.text)
    CAN1_RX1_IRQHandler                      0x08007293   Thumb Code     0  startup_stm32f10x_md.o(.text)
    CAN1_SCE_IRQHandler                      0x08007293   Thumb Code     0  startup_stm32f10x_md.o(.text)
    DMA1_Channel1_IRQHandler                 0x08007293   Thumb Code     0  startup_stm32f10x_md.o(.text)
    DMA1_Channel2_IRQHandler                 0x08007293   Thumb Code     0  startup_stm32f10x_md.o(.text)
    DMA1_Channel3_IRQHandler                 0x08007293   Thumb Code     0  startup_stm32f10x_md.o(.text)
    DMA1_Channel4_IRQHandler                 0x08007293   Thumb Code     0  startup_stm32f10x_md.o(.text)
    DMA1_Channel5_IRQHandler                 0x08007293   Thumb Code     0  startup_stm32f10x_md.o(.text)
    DMA1_Channel6_IRQHandler                 0x08007293   Thumb Code     0  startup_stm32f10x_md.o(.text)
    DMA1_Channel7_IRQHandler                 0x08007293   Thumb Code     0  startup_stm32f10x_md.o(.text)
    EXTI0_IRQHandler                         0x08007293   Thumb Code     0  startup_stm32f10x_md.o(.text)
    EXTI15_10_IRQHandler                     0x08007293   Thumb Code     0  startup_stm32f10x_md.o(.text)
    EXTI1_IRQHandler                         0x08007293   Thumb Code     0  startup_stm32f10x_md.o(.text)
    EXTI2_IRQHandler                         0x08007293   Thumb Code     0  startup_stm32f10x_md.o(.text)
    EXTI3_IRQHandler                         0x08007293   Thumb Code     0  startup_stm32f10x_md.o(.text)
    EXTI4_IRQHandler                         0x08007293   Thumb Code     0  startup_stm32f10x_md.o(.text)
    EXTI9_5_IRQHandler                       0x08007293   Thumb Code     0  startup_stm32f10x_md.o(.text)
    FLASH_IRQHandler                         0x08007293   Thumb Code     0  startup_stm32f10x_md.o(.text)
    I2C1_ER_IRQHandler                       0x08007293   Thumb Code     0  startup_stm32f10x_md.o(.text)
    I2C1_EV_IRQHandler                       0x08007293   Thumb Code     0  startup_stm32f10x_md.o(.text)
    I2C2_ER_IRQHandler                       0x08007293   Thumb Code     0  startup_stm32f10x_md.o(.text)
    I2C2_EV_IRQHandler                       0x08007293   Thumb Code     0  startup_stm32f10x_md.o(.text)
    PVD_IRQHandler                           0x08007293   Thumb Code     0  startup_stm32f10x_md.o(.text)
    RCC_IRQHandler                           0x08007293   Thumb Code     0  startup_stm32f10x_md.o(.text)
    RTCAlarm_IRQHandler                      0x08007293   Thumb Code     0  startup_stm32f10x_md.o(.text)
    RTC_IRQHandler                           0x08007293   Thumb Code     0  startup_stm32f10x_md.o(.text)
    SPI1_IRQHandler                          0x08007293   Thumb Code     0  startup_stm32f10x_md.o(.text)
    SPI2_IRQHandler                          0x08007293   Thumb Code     0  startup_stm32f10x_md.o(.text)
    TAMPER_IRQHandler                        0x08007293   Thumb Code     0  startup_stm32f10x_md.o(.text)
    TIM1_BRK_IRQHandler                      0x08007293   Thumb Code     0  startup_stm32f10x_md.o(.text)
    TIM1_CC_IRQHandler                       0x08007293   Thumb Code     0  startup_stm32f10x_md.o(.text)
    TIM1_TRG_COM_IRQHandler                  0x08007293   Thumb Code     0  startup_stm32f10x_md.o(.text)
    TIM1_UP_IRQHandler                       0x08007293   Thumb Code     0  startup_stm32f10x_md.o(.text)
    TIM2_IRQHandler                          0x08007293   Thumb Code     0  startup_stm32f10x_md.o(.text)
    TIM3_IRQHandler                          0x08007293   Thumb Code     0  startup_stm32f10x_md.o(.text)
    TIM4_IRQHandler                          0x08007293   Thumb Code     0  startup_stm32f10x_md.o(.text)
    USART2_IRQHandler                        0x08007293   Thumb Code     0  startup_stm32f10x_md.o(.text)
    USBWakeUp_IRQHandler                     0x08007293   Thumb Code     0  startup_stm32f10x_md.o(.text)
    USB_HP_CAN1_TX_IRQHandler                0x08007293   Thumb Code     0  startup_stm32f10x_md.o(.text)
    USB_LP_CAN1_RX0_IRQHandler               0x08007293   Thumb Code     0  startup_stm32f10x_md.o(.text)
    WWDG_IRQHandler                          0x08007293   Thumb Code     0  startup_stm32f10x_md.o(.text)
    __user_initial_stackheap                 0x08007295   Thumb Code     0  startup_stm32f10x_md.o(.text)
    SPI_I2S_DeInit                           0x080072b9   Thumb Code    76  stm32f10x_spi.o(.text)
    SPI_Init                                 0x08007305   Thumb Code    60  stm32f10x_spi.o(.text)
    I2S_Init                                 0x08007341   Thumb Code   226  stm32f10x_spi.o(.text)
    SPI_StructInit                           0x08007423   Thumb Code    24  stm32f10x_spi.o(.text)
    I2S_StructInit                           0x0800743b   Thumb Code    20  stm32f10x_spi.o(.text)
    SPI_Cmd                                  0x0800744f   Thumb Code    24  stm32f10x_spi.o(.text)
    I2S_Cmd                                  0x08007467   Thumb Code    24  stm32f10x_spi.o(.text)
    SPI_I2S_ITConfig                         0x0800747f   Thumb Code    32  stm32f10x_spi.o(.text)
    SPI_I2S_DMACmd                           0x0800749f   Thumb Code    18  stm32f10x_spi.o(.text)
    SPI_I2S_SendData                         0x080074b1   Thumb Code     4  stm32f10x_spi.o(.text)
    SPI_I2S_ReceiveData                      0x080074b5   Thumb Code     6  stm32f10x_spi.o(.text)
    SPI_NSSInternalSoftwareConfig            0x080074bb   Thumb Code    30  stm32f10x_spi.o(.text)
    SPI_SSOutputCmd                          0x080074d9   Thumb Code    24  stm32f10x_spi.o(.text)
    SPI_DataSizeConfig                       0x080074f1   Thumb Code    18  stm32f10x_spi.o(.text)
    SPI_TransmitCRC                          0x08007503   Thumb Code    10  stm32f10x_spi.o(.text)
    SPI_CalculateCRC                         0x0800750d   Thumb Code    24  stm32f10x_spi.o(.text)
    SPI_GetCRC                               0x08007525   Thumb Code    16  stm32f10x_spi.o(.text)
    SPI_GetCRCPolynomial                     0x08007535   Thumb Code     6  stm32f10x_spi.o(.text)
    SPI_BiDirectionalLineConfig              0x0800753b   Thumb Code    28  stm32f10x_spi.o(.text)
    SPI_I2S_GetFlagStatus                    0x08007557   Thumb Code    18  stm32f10x_spi.o(.text)
    SPI_I2S_ClearFlag                        0x08007569   Thumb Code     6  stm32f10x_spi.o(.text)
    SPI_I2S_GetITStatus                      0x0800756f   Thumb Code    52  stm32f10x_spi.o(.text)
    SPI_I2S_ClearITPendingBit                0x080075a3   Thumb Code    20  stm32f10x_spi.o(.text)
    __use_two_region_memory                  0x080075c5   Thumb Code     2  heapauxi.o(.text)
    __rt_heap_escrow                         0x080075c7   Thumb Code     2  heapauxi.o(.text)
    __rt_heap_expand                         0x080075c9   Thumb Code     2  heapauxi.o(.text)
    __cpp_initialize__aeabi_                 0x080075cd   Thumb Code    26  init_aeabi.o(.text)
    __read_errno                             0x080075f1   Thumb Code    10  _rserrno.o(.text)
    __set_errno                              0x080075fb   Thumb Code    12  _rserrno.o(.text)
    __aeabi_errno_addr                       0x08007609   Thumb Code     8  rt_errno_addr_intlibspace.o(.text)
    __errno$intlibspace                      0x08007609   Thumb Code     0  rt_errno_addr_intlibspace.o(.text)
    __rt_errno_addr$intlibspace              0x08007609   Thumb Code     0  rt_errno_addr_intlibspace.o(.text)
    __user_libspace                          0x08007611   Thumb Code     8  libspace.o(.text)
    __user_perproc_libspace                  0x08007611   Thumb Code     0  libspace.o(.text)
    __user_perthread_libspace                0x08007611   Thumb Code     0  libspace.o(.text)
    __user_setup_stackheap                   0x08007619   Thumb Code    74  sys_stackheap_outer.o(.text)
    exit                                     0x08007663   Thumb Code    12  exit.o(.text)
    _sys_exit                                0x08007671   Thumb Code     8  sys_exit.o(.text)
    __I$use$semihosting                      0x0800767d   Thumb Code     0  use_no_semi.o(.text)
    __use_no_semihosting_swi                 0x0800767d   Thumb Code     2  use_no_semi.o(.text)
    ANO_Filter::LPF2ndData_t::LPF2ndData_t() 0x0800767f   Thumb Code    30  ano_imu.o(i._ZN10ANO_Filter12LPF2ndData_tC1Ev)
    ANO_Filter::LPF2ndData_t::LPF2ndData_t__sub_object() 0x0800767f   Thumb Code     0  ano_imu.o(i._ZN10ANO_Filter12LPF2ndData_tC1Ev)
    __semihosting_library_function           0x0800767f   Thumb Code     0  indicate_semi.o(.text)
    ANO_PID::set_pid(float, float, float, float) 0x0800769d   Thumb Code    14  ano_flycontrol.o(i._ZN7ANO_PID7set_pidEffff)
    ANO_PID::ANO_PID()                       0x080076ab   Thumb Code    12  ano_flycontrol.o(i._ZN7ANO_PIDC1Ev)
    ANO_PID::ANO_PID__sub_object()           0x080076ab   Thumb Code     0  ano_flycontrol.o(i._ZN7ANO_PIDC1Ev)
    __ARM_fpclassifyf                        0x080076b7   Thumb Code    38  fpclassifyf.o(i.__ARM_fpclassifyf)
    __ARM_isnanf                             0x080076dd   Thumb Code    14  ano_math.o(i.__ARM_isnanf)
    __aeabi_vec_ctor_nocookie_nodtor         0x080076eb   Thumb Code    36  aeabi_vec_ctor_nocookie_nodtor.o(i.__aeabi_vec_ctor_nocookie_nodtor)
    __cxa_guard_acquire                      0x0800770f   Thumb Code    16  cxa_guard_acquire.o(i.__cxa_guard_acquire)
    __mathlib_flt_underflow                  0x0800771f   Thumb Code    10  funder.o(i.__mathlib_flt_underflow)
    __mathlib_rredf2                         0x08007729   Thumb Code   326  rredf.o(i.__mathlib_rredf2)
    asinf                                    0x08007881   Thumb Code   260  asinf.o(i.asinf)
    atan2f                                   0x080079a9   Thumb Code   528  atan2f.o(i.atan2f)
    cosf                                     0x08007c05   Thumb Code   334  cosf.o(i.cosf)
    __mathlib_powf                           0x08007d89   Thumb Code     0  powf.o(i.powf)
    powf                                     0x08007d89   Thumb Code  1538  powf.o(i.powf)
    sinf                                     0x080083a5   Thumb Code   344  sinf.o(i.sinf)
    sqrtf                                    0x08008531   Thumb Code    44  sqrtf.o(i.sqrtf)
    Matrix3<float>::from_euler(const Vector3<float>&) 0x0800855d   Thumb Code   264  ano_matrix3.o(t._ZN7Matrix3IfE10from_eulerERK7Vector3IfE)
    Vector3<double>::Vector3()               0x08008665   Thumb Code    16  ano_imu.o(t._ZN7Vector3IdEC1Ev)
    Vector3<double>::Vector3__sub_object()   0x08008665   Thumb Code     0  ano_imu.o(t._ZN7Vector3IdEC1Ev)
    Vector3<float>::get_rollpitch(Vector3<float>&) 0x08008675   Thumb Code    84  ano_vector3.o(t._ZN7Vector3IfE13get_rollpitchERS0_)
    Vector3<float>::get_yaw(Vector3<float>&) 0x080086c9   Thumb Code    24  ano_vector3.o(t._ZN7Vector3IfE7get_yawERS0_)
    Vector3<float>::Vector3(float, float, float) 0x080086e1   Thumb Code     8  ano_imu.o(t._ZN7Vector3IfEC1Efff)
    Vector3<float>::Vector3__sub_object(float, float, float) 0x080086e1   Thumb Code     0  ano_imu.o(t._ZN7Vector3IfEC1Efff)
    Vector3<float>::Vector3()                0x080086e9   Thumb Code    10  ano_imu.o(t._ZN7Vector3IfEC1Ev)
    Vector3<float>::Vector3__sub_object()    0x080086e9   Thumb Code     0  ano_imu.o(t._ZN7Vector3IfEC1Ev)
    Vector3<float>::operator ()(float, float, float) 0x080086f3   Thumb Code     8  ano_drv_mpu6050.o(t._ZN7Vector3IfEclEfff)
    Vector3<float>::operator /=(float)       0x080086fb   Thumb Code    40  ano_vector3.o(t._ZN7Vector3IfEdVEf)
    Vector3<float>::operator +=(const Vector3<float>&) 0x08008723   Thumb Code    40  ano_vector3.o(t._ZN7Vector3IfEpLERKS0_)
    Vector3<short>::Vector3()                0x0800874b   Thumb Code    10  ano_drv_mpu6050.o(t._ZN7Vector3IsEC1Ev)
    Vector3<short>::Vector3__sub_object()    0x0800874b   Thumb Code     0  ano_drv_mpu6050.o(t._ZN7Vector3IsEC1Ev)
    Vector3<short>::operator ()(short, short, short) 0x08008755   Thumb Code     8  ano_drv_mpu6050.o(t._ZN7Vector3IsEclEsss)
    Matrix3<float>::operator *(const Vector3<float>&) const 0x0800875d   Thumb Code   164  ano_matrix3.o(t._ZNK7Matrix3IfEmlERK7Vector3IfE)
    Vector3<float>::length() const           0x08008801   Thumb Code    14  ano_vector3.o(t._ZNK7Vector3IfE6lengthEv)
    Vector3<float>::operator /(float) const  0x0800880f   Thumb Code    56  ano_vector3.o(t._ZNK7Vector3IfEdvEf)
    Vector3<float>::operator -(const Vector3<float>&) const 0x08008847   Thumb Code    56  ano_vector3.o(t._ZNK7Vector3IfEmiERKS0_)
    Vector3<float>::operator *(const Vector3<float>&) const 0x0800887f   Thumb Code    56  ano_vector3.o(t._ZNK7Vector3IfEmlERKS0_)
    Vector3<float>::operator *(float) const  0x080088b7   Thumb Code    56  ano_vector3.o(t._ZNK7Vector3IfEmlEf)
    Vector3<float>::operator +(const Vector3<float>&) const 0x080088ef   Thumb Code    56  ano_vector3.o(t._ZNK7Vector3IfEplERKS0_)
    Vector3<float>::operator %(const Vector3<float>&) const 0x08008927   Thumb Code   118  ano_vector3.o(t._ZNK7Vector3IfErmERKS0_)
    __aeabi_d2f                              0x0800899d   Thumb Code     0  d2f.o(x$fpl$d2f)
    _d2f                                     0x0800899d   Thumb Code    98  d2f.o(x$fpl$d2f)
    __aeabi_dadd                             0x08008a01   Thumb Code     0  daddsub_clz.o(x$fpl$dadd)
    _dadd                                    0x08008a01   Thumb Code   332  daddsub_clz.o(x$fpl$dadd)
    __aeabi_d2iz                             0x08008b51   Thumb Code     0  dfix.o(x$fpl$dfix)
    _dfix                                    0x08008b51   Thumb Code    94  dfix.o(x$fpl$dfix)
    __aeabi_i2d                              0x08008baf   Thumb Code     0  dflt_clz.o(x$fpl$dflt)
    _dflt                                    0x08008baf   Thumb Code    46  dflt_clz.o(x$fpl$dflt)
    __aeabi_ui2d                             0x08008bdd   Thumb Code     0  dflt_clz.o(x$fpl$dfltu)
    _dfltu                                   0x08008bdd   Thumb Code    38  dflt_clz.o(x$fpl$dfltu)
    __aeabi_dmul                             0x08008c05   Thumb Code     0  dmul.o(x$fpl$dmul)
    _dmul                                    0x08008c05   Thumb Code   332  dmul.o(x$fpl$dmul)
    __fpl_dnaninf                            0x08008d59   Thumb Code   156  dnaninf.o(x$fpl$dnaninf)
    __fpl_dretinf                            0x08008df5   Thumb Code    12  dretinf.o(x$fpl$dretinf)
    __aeabi_dsub                             0x08008e01   Thumb Code     0  daddsub_clz.o(x$fpl$dsub)
    _dsub                                    0x08008e01   Thumb Code   464  daddsub_clz.o(x$fpl$dsub)
    __aeabi_f2d                              0x08008fd5   Thumb Code     0  f2d.o(x$fpl$f2d)
    _f2d                                     0x08008fd5   Thumb Code    86  f2d.o(x$fpl$f2d)
    __aeabi_fadd                             0x0800902d   Thumb Code     0  faddsub_clz.o(x$fpl$fadd)
    _fadd                                    0x0800902d   Thumb Code   196  faddsub_clz.o(x$fpl$fadd)
    __fpl_fcheck_NaN1                        0x080090f1   Thumb Code     6  fcheck1.o(x$fpl$fcheck1)
    __fpl_fcmp_Inf                           0x080090fd   Thumb Code    24  fcmpi.o(x$fpl$fcmpinf)
    __aeabi_fdiv                             0x08009115   Thumb Code     0  fdiv.o(x$fpl$fdiv)
    _fdiv                                    0x08009115   Thumb Code   384  fdiv.o(x$fpl$fdiv)
    __aeabi_cfcmpeq                          0x08009299   Thumb Code     0  feqf.o(x$fpl$feqf)
    _fcmpeq                                  0x08009299   Thumb Code   104  feqf.o(x$fpl$feqf)
    __aeabi_f2iz                             0x08009301   Thumb Code     0  ffix.o(x$fpl$ffix)
    _ffix                                    0x08009301   Thumb Code    54  ffix.o(x$fpl$ffix)
    _ffix_r                                  0x08009339   Thumb Code    82  ffix.o(x$fpl$ffixr)
    __aeabi_f2uiz                            0x0800938d   Thumb Code     0  ffixu.o(x$fpl$ffixu)
    _ffixu                                   0x0800938d   Thumb Code    62  ffixu.o(x$fpl$ffixu)
    __aeabi_i2f                              0x080093cd   Thumb Code     0  fflt_clz.o(x$fpl$fflt)
    _fflt                                    0x080093cd   Thumb Code    48  fflt_clz.o(x$fpl$fflt)
    __aeabi_ui2f                             0x080093fd   Thumb Code     0  fflt_clz.o(x$fpl$ffltu)
    _ffltu                                   0x080093fd   Thumb Code    38  fflt_clz.o(x$fpl$ffltu)
    __aeabi_cfcmple                          0x08009425   Thumb Code     0  fleqf.o(x$fpl$fleqf)
    _fcmple                                  0x08009425   Thumb Code   104  fleqf.o(x$fpl$fleqf)
    __fpl_fcmple_InfNaN                      0x08009477   Thumb Code     0  fleqf.o(x$fpl$fleqf)
    __aeabi_fmul                             0x0800948d   Thumb Code     0  fmul.o(x$fpl$fmul)
    _fmul                                    0x0800948d   Thumb Code   258  fmul.o(x$fpl$fmul)
    __fpl_fnaninf                            0x0800958f   Thumb Code   140  fnaninf.o(x$fpl$fnaninf)
    __fpl_fretinf                            0x0800961b   Thumb Code    10  fretinf.o(x$fpl$fretinf)
    __aeabi_cfrcmple                         0x08009625   Thumb Code     0  frleqf.o(x$fpl$frleqf)
    _frcmple                                 0x08009625   Thumb Code    98  frleqf.o(x$fpl$frleqf)
    _frnd                                    0x08009689   Thumb Code    96  frnd.o(x$fpl$frnd)
    __aeabi_frsub                            0x080096e9   Thumb Code     0  faddsub_clz.o(x$fpl$frsb)
    _frsb                                    0x080096e9   Thumb Code    20  faddsub_clz.o(x$fpl$frsb)
    _fsqrt                                   0x080096fd   Thumb Code   272  fsqrt.o(x$fpl$fsqrt)
    __aeabi_fsub                             0x0800980d   Thumb Code     0  faddsub_clz.o(x$fpl$fsub)
    _fsub                                    0x0800980d   Thumb Code   234  faddsub_clz.o(x$fpl$fsub)
    __fpl_return_NaN                         0x080098f7   Thumb Code   100  retnan.o(x$fpl$retnan)
    __ARM_scalbnf                            0x0800995b   Thumb Code    76  scalbnf.o(x$fpl$scalbnf)
    __fpl_cmpreturn                          0x080099a7   Thumb Code    48  trapv.o(x$fpl$trapveneer)
    __I$use$fp                               0x080099d6   Number         0  usenofp.o(x$fpl$usenofp)
    VirtAddVarTab                            0x080099de   Data          50  ano_drv_eeprom.o(.constdata)
    Region$$Table$$Base                      0x08009b70   Number         0  anon$$obj.o(Region$$Table)
    Region$$Table$$Limit                     0x08009b90   Number         0  anon$$obj.o(Region$$Table)
    SHT$$INIT_ARRAY$$Base                    0x08009b90   Number         0  ano_config.o(.init_array)
    SHT$$INIT_ARRAY$$Limit                   0x08009bac   Number         0  init_aeabi.o(.init_array)
    param                                    0x20000034   Data           1  ano_param.o(.data)
    FirstInitFlag                            0x20000036   Data           2  ano_param.o(.data)
    TX_ADDRESS                               0x2000004e   Data           5  ano_drv_nrf24l01.o(.data)
    RX_ADDRESS                               0x20000053   Data           5  ano_drv_nrf24l01.o(.data)
    pwm                                      0x20000058   Data           1  ano_drv_pwm.o(.data)
    DataVar                                  0x2000005c   Data           2  ano_drv_eeprom.o(.data)
    CurWrAddress                             0x20000060   Data           4  ano_drv_eeprom.o(.data)
    led                                      0x20000064   Data           1  ano_drv_led.o(.data)
    uart3                                    0x20000071   Data           1  ano_drv_uart3.o(.data)
    TxCounter3                               0x20000072   Data           1  ano_drv_uart3.o(.data)
    count3                                   0x20000073   Data           1  ano_drv_uart3.o(.data)
    SystemCoreClock                          0x20000088   Data           4  system_stm32f10x.o(.data)
    AHBPrescTable                            0x2000008c   Data          16  system_stm32f10x.o(.data)
    ano                                      0x2000009c   Data          12  ano_config.o(.bss)
    scheduler                                0x200000a8   Data          10  ano_scheduler.o(.bss)
    imu                                      0x200000b4   Data         156  ano_imu.o(.bss)
    dt                                       0x20000180   Data          65  ano_dt.o(.bss)
    motor                                    0x200001c2   Data          12  ano_motor.o(.bss)
    rc                                       0x200001ce   Data          66  ano_rc.o(.bss)
    fc                                       0x20000210   Data         212  ano_flycontrol.o(.bss)
    mpu6050                                  0x200002e4   Data          64  ano_drv_mpu6050.o(.bss)
    nrf                                      0x2000033c   Data         510  ano_drv_nrf24l01.o(.bss)
    ms5611                                   0x2000053c   Data          40  ano_drv_ms5611.o(.bss)
    TxBuffer3                                0x20000564   Data         256  ano_drv_uart3.o(.bss)
    __libspace_start                         0x20000698   Data          96  libspace.o(.bss)
    __temporary_stack_top$libspace           0x200006f8   Data           0  libspace.o(.bss)



==============================================================================

Memory Map of the image

  Image Entry point : 0x080000ed

  Load Region LR_IROM1 (Base: 0x08000000, Size: 0x00009c48, Max: 0x00010000, ABSOLUTE)

    Execution Region ER_IROM1 (Base: 0x08000000, Size: 0x00009bac, Max: 0x00010000, ABSOLUTE)

    Base Addr    Size         Type   Attr      Idx    E Section Name        Object

    0x08000000   0x000000ec   Data   RO         1586    RESET               startup_stm32f10x_md.o
    0x080000ec   0x00000008   Code   RO         1618  * !!!main             c_w.l(__main.o)
    0x080000f4   0x00000034   Code   RO         2070    !!!scatter          c_w.l(__scatter.o)
    0x08000128   0x0000001a   Code   RO         2072    !!handler_copy      c_w.l(__scatter_copy.o)
    0x08000142   0x00000002   PAD
    0x08000144   0x0000001c   Code   RO         2074    !!handler_zi        c_w.l(__scatter_zi.o)
    0x08000160   0x00000002   Code   RO         1873    .ARM.Collect$$libinit$$00000000  c_w.l(libinit.o)
    0x08000162   0x00000000   Code   RO         1757    .ARM.Collect$$libinit$$00000002  c_w.l(libinit2.o)
    0x08000162   0x00000000   Code   RO         1760    .ARM.Collect$$libinit$$00000008  c_w.l(libinit2.o)
    0x08000162   0x00000000   Code   RO         1762    .ARM.Collect$$libinit$$0000000A  c_w.l(libinit2.o)
    0x08000162   0x00000000   Code   RO         1764    .ARM.Collect$$libinit$$0000000C  c_w.l(libinit2.o)
    0x08000162   0x00000000   Code   RO         1767    .ARM.Collect$$libinit$$0000000F  c_w.l(libinit2.o)
    0x08000162   0x00000000   Code   RO         1769    .ARM.Collect$$libinit$$00000011  c_w.l(libinit2.o)
    0x08000162   0x00000000   Code   RO         1771    .ARM.Collect$$libinit$$00000013  c_w.l(libinit2.o)
    0x08000162   0x00000000   Code   RO         1773    .ARM.Collect$$libinit$$00000015  c_w.l(libinit2.o)
    0x08000162   0x00000000   Code   RO         1775    .ARM.Collect$$libinit$$00000017  c_w.l(libinit2.o)
    0x08000162   0x00000000   Code   RO         1777    .ARM.Collect$$libinit$$00000019  c_w.l(libinit2.o)
    0x08000162   0x00000000   Code   RO         1779    .ARM.Collect$$libinit$$0000001B  c_w.l(libinit2.o)
    0x08000162   0x00000000   Code   RO         1781    .ARM.Collect$$libinit$$0000001D  c_w.l(libinit2.o)
    0x08000162   0x00000000   Code   RO         1783    .ARM.Collect$$libinit$$0000001F  c_w.l(libinit2.o)
    0x08000162   0x00000000   Code   RO         1785    .ARM.Collect$$libinit$$00000021  c_w.l(libinit2.o)
    0x08000162   0x00000000   Code   RO         1787    .ARM.Collect$$libinit$$00000023  c_w.l(libinit2.o)
    0x08000162   0x00000000   Code   RO         1791    .ARM.Collect$$libinit$$0000002A  c_w.l(libinit2.o)
    0x08000162   0x00000000   Code   RO         1793    .ARM.Collect$$libinit$$0000002C  c_w.l(libinit2.o)
    0x08000162   0x00000000   Code   RO         1795    .ARM.Collect$$libinit$$0000002E  c_w.l(libinit2.o)
    0x08000162   0x00000004   Code   RO         1796    .ARM.Collect$$libinit$$0000002F  c_w.l(libinit2.o)
    0x08000166   0x00000000   Code   RO         1797    .ARM.Collect$$libinit$$00000030  c_w.l(libinit2.o)
    0x08000166   0x00000002   Code   RO         1798    .ARM.Collect$$libinit$$00000031  c_w.l(libinit2.o)
    0x08000168   0x00000002   Code   RO         2028    .ARM.Collect$$libshutdown$$00000000  c_w.l(libshutdown.o)
    0x0800016a   0x00000000   Code   RO         2037    .ARM.Collect$$libshutdown$$00000003  c_w.l(libshutdown2.o)
    0x0800016a   0x00000000   Code   RO         2040    .ARM.Collect$$libshutdown$$00000006  c_w.l(libshutdown2.o)
    0x0800016a   0x00000000   Code   RO         2043    .ARM.Collect$$libshutdown$$00000009  c_w.l(libshutdown2.o)
    0x0800016a   0x00000000   Code   RO         2045    .ARM.Collect$$libshutdown$$0000000B  c_w.l(libshutdown2.o)
    0x0800016a   0x00000000   Code   RO         2048    .ARM.Collect$$libshutdown$$0000000E  c_w.l(libshutdown2.o)
    0x0800016a   0x00000002   Code   RO         2049    .ARM.Collect$$libshutdown$$0000000F  c_w.l(libshutdown2.o)
    0x0800016c   0x00000000   Code   RO         1753    .ARM.Collect$$rtentry$$00000000  c_w.l(rtentry.o)
    0x0800016c   0x00000000   Code   RO         1830    .ARM.Collect$$rtentry$$00000002  c_w.l(rtentry2.o)
    0x0800016c   0x00000006   Code   RO         1842    .ARM.Collect$$rtentry$$00000004  c_w.l(rtentry4.o)
    0x08000172   0x00000000   Code   RO         1832    .ARM.Collect$$rtentry$$00000009  c_w.l(rtentry2.o)
    0x08000172   0x00000004   Code   RO         1833    .ARM.Collect$$rtentry$$0000000A  c_w.l(rtentry2.o)
    0x08000176   0x00000000   Code   RO         1835    .ARM.Collect$$rtentry$$0000000C  c_w.l(rtentry2.o)
    0x08000176   0x00000008   Code   RO         1836    .ARM.Collect$$rtentry$$0000000D  c_w.l(rtentry2.o)
    0x0800017e   0x00000002   Code   RO         1884    .ARM.Collect$$rtexit$$00000000  c_w.l(rtexit.o)
    0x08000180   0x00000000   Code   RO         1968    .ARM.Collect$$rtexit$$00000002  c_w.l(rtexit2.o)
    0x08000180   0x00000004   Code   RO         1969    .ARM.Collect$$rtexit$$00000003  c_w.l(rtexit2.o)
    0x08000184   0x00000006   Code   RO         1970    .ARM.Collect$$rtexit$$00000004  c_w.l(rtexit2.o)
    0x0800018a   0x00000002   PAD
    0x0800018c   0x00000020   Code   RO            3    .text               anocopter.o
    0x080001ac   0x00000068   Code   RO          191    .text               ano_config.o
    0x08000214   0x000000e4   Code   RO          222    .text               ano_scheduler.o
    0x080002f8   0x00000334   Code   RO          282    .text               ano_filter.o
    0x0800062c   0x00000480   Code   RO          321    .text               ano_imu.o
    0x08000aac   0x0000120c   Code   RO          397    .text               ano_dt.o
    0x08001cb8   0x00000298   Code   RO          424    .text               ano_motor.o
    0x08001f50   0x000003dc   Code   RO          450    .text               ano_rc.o
    0x0800232c   0x0000016c   Code   RO          477    .text               ano_pid.o
    0x08002498   0x00000348   Code   RO          507    .text               ano_flycontrol.o
    0x080027e0   0x000005ac   Code   RO          551    .text               ano_param.o
    0x08002d8c   0x000001d0   Code   RO          575    .text               ano_math.o
    0x08002f5c   0x00000690   Code   RO          984    .text               ano_quaternion.o
    0x080035ec   0x00000168   Code   RO         1006    .text               board.o
    0x08003754   0x0000002c   Code   RO         1074    .text               stm32f10x_it.o
    0x08003780   0x000003c8   Code   RO         1098    .text               ano_drv_i2c_soft.o
    0x08003b48   0x00000504   Code   RO         1118    .text               ano_drv_mpu6050.o
    0x0800404c   0x00000144   Code   RO         1183    .text               ano_drv_spi2.o
    0x08004190   0x000002f8   Code   RO         1203    .text               ano_drv_nrf24l01.o
    0x08004488   0x000001f0   Code   RO         1230    .text               ano_drv_pwm.o
    0x08004678   0x000004d8   Code   RO         1256    .text               ano_drv_eeprom.o
    0x08004b50   0x00000084   Code   RO         1284    .text               ano_drv_led.o
    0x08004bd4   0x0000030c   Code   RO         1310    .text               ano_drv_ms5611.o
    0x08004ee0   0x000001fc   Code   RO         1347    .text               ano_drv_uart3.o
    0x080050dc   0x000000dc   Code   RO         1374    .text               misc.o
    0x080051b8   0x0000035c   Code   RO         1395    .text               stm32f10x_gpio.o
    0x08005514   0x000003a4   Code   RO         1416    .text               stm32f10x_rcc.o
    0x080058b8   0x00000e1a   Code   RO         1439    .text               stm32f10x_tim.o
    0x080066d2   0x00000002   PAD
    0x080066d4   0x00000408   Code   RO         1460    .text               stm32f10x_usart.o
    0x08006adc   0x000005bc   Code   RO         1525    .text               stm32f10x_flash.o
    0x08007098   0x000001e0   Code   RO         1546    .text               system_stm32f10x.o
    0x08007278   0x00000040   Code   RO         1587    .text               startup_stm32f10x_md.o
    0x080072b8   0x0000030c   Code   RO         1593    .text               stm32f10x_spi.o
    0x080075c4   0x00000006   Code   RO         1616    .text               c_w.l(heapauxi.o)
    0x080075ca   0x00000002   PAD
    0x080075cc   0x00000024   Code   RO         1623    .text               c_w.l(init_aeabi.o)
    0x080075f0   0x00000016   Code   RO         1754    .text               c_w.l(_rserrno.o)
    0x08007606   0x00000002   PAD
    0x08007608   0x00000008   Code   RO         1847    .text               c_w.l(rt_errno_addr_intlibspace.o)
    0x08007610   0x00000008   Code   RO         1857    .text               c_w.l(libspace.o)
    0x08007618   0x0000004a   Code   RO         1860    .text               c_w.l(sys_stackheap_outer.o)
    0x08007662   0x0000000c   Code   RO         1862    .text               c_w.l(exit.o)
    0x0800766e   0x00000002   PAD
    0x08007670   0x0000000c   Code   RO         1960    .text               c_w.l(sys_exit.o)
    0x0800767c   0x00000002   Code   RO         1962    .text               c_w.l(use_no_semi.o)
    0x0800767e   0x00000000   Code   RO         1966    .text               c_w.l(indicate_semi.o)
    0x0800767e   0x0000001e   Code   RO          353    i._ZN10ANO_Filter12LPF2ndData_tC1Ev  ano_imu.o
    0x0800769c   0x0000000e   Code   RO          526    i._ZN7ANO_PID7set_pidEffff  ano_flycontrol.o
    0x080076aa   0x0000000c   Code   RO          532    i._ZN7ANO_PIDC1Ev   ano_flycontrol.o
    0x080076b6   0x00000026   Code   RO         1822    i.__ARM_fpclassifyf  m_ws.l(fpclassifyf.o)
    0x080076dc   0x0000000e   Code   RO          585    i.__ARM_isnanf      ano_math.o
    0x080076ea   0x00000024   Code   RO         1626    i.__aeabi_vec_ctor_nocookie_nodtor  cpprt_w.l(aeabi_vec_ctor_nocookie_nodtor.o)
    0x0800770e   0x00000010   Code   RO         1629    i.__cxa_guard_acquire  cpprt_w.l(cxa_guard_acquire.o)
    0x0800771e   0x0000000a   Code   RO         1824    i.__mathlib_flt_underflow  m_ws.l(funder.o)
    0x08007728   0x00000158   Code   RO         1826    i.__mathlib_rredf2  m_ws.l(rredf.o)
    0x08007880   0x00000128   Code   RO         1704    i.asinf             m_ws.l(asinf.o)
    0x080079a8   0x0000025c   Code   RO         1712    i.atan2f            m_ws.l(atan2f.o)
    0x08007c04   0x00000184   Code   RO         1720    i.cosf              m_ws.l(cosf.o)
    0x08007d88   0x0000061c   Code   RO         1728    i.powf              m_ws.l(powf.o)
    0x080083a4   0x0000018c   Code   RO         1738    i.sinf              m_ws.l(sinf.o)
    0x08008530   0x0000002c   Code   RO         1746    i.sqrtf             m_ws.l(sqrtf.o)
    0x0800855c   0x00000108   Code   RO          944    t._ZN7Matrix3IfE10from_eulerERK7Vector3IfE  ano_matrix3.o
    0x08008664   0x00000010   Code   RO          356    t._ZN7Vector3IdEC1Ev  ano_imu.o
    0x08008674   0x00000054   Code   RO          653    t._ZN7Vector3IfE13get_rollpitchERS0_  ano_vector3.o
    0x080086c8   0x00000018   Code   RO          659    t._ZN7Vector3IfE7get_yawERS0_  ano_vector3.o
    0x080086e0   0x00000008   Code   RO          347    t._ZN7Vector3IfEC1Efff  ano_imu.o
    0x080086e8   0x0000000a   Code   RO          341    t._ZN7Vector3IfEC1Ev  ano_imu.o
    0x080086f2   0x00000008   Code   RO         1138    t._ZN7Vector3IfEclEfff  ano_drv_mpu6050.o
    0x080086fa   0x00000028   Code   RO          695    t._ZN7Vector3IfEdVEf  ano_vector3.o
    0x08008722   0x00000028   Code   RO          713    t._ZN7Vector3IfEpLERKS0_  ano_vector3.o
    0x0800874a   0x0000000a   Code   RO         1144    t._ZN7Vector3IsEC1Ev  ano_drv_mpu6050.o
    0x08008754   0x00000008   Code   RO         1150    t._ZN7Vector3IsEclEsss  ano_drv_mpu6050.o
    0x0800875c   0x000000a4   Code   RO          914    t._ZNK7Matrix3IfEmlERK7Vector3IfE  ano_matrix3.o
    0x08008800   0x0000000e   Code   RO          635    t._ZNK7Vector3IfE6lengthEv  ano_vector3.o
    0x0800880e   0x00000038   Code   RO          689    t._ZNK7Vector3IfEdvEf  ano_vector3.o
    0x08008846   0x00000038   Code   RO          719    t._ZNK7Vector3IfEmiERKS0_  ano_vector3.o
    0x0800887e   0x00000038   Code   RO          641    t._ZNK7Vector3IfEmlERKS0_  ano_vector3.o
    0x080088b6   0x00000038   Code   RO          677    t._ZNK7Vector3IfEmlEf  ano_vector3.o
    0x080088ee   0x00000038   Code   RO          707    t._ZNK7Vector3IfEplERKS0_  ano_vector3.o
    0x08008926   0x00000076   Code   RO          671    t._ZNK7Vector3IfErmERKS0_  ano_vector3.o
    0x0800899c   0x00000062   Code   RO         1635    x$fpl$d2f           fz_ws.l(d2f.o)
    0x080089fe   0x00000002   PAD
    0x08008a00   0x00000150   Code   RO         1637    x$fpl$dadd          fz_ws.l(daddsub_clz.o)
    0x08008b50   0x0000005e   Code   RO         1649    x$fpl$dfix          fz_ws.l(dfix.o)
    0x08008bae   0x0000002e   Code   RO         1654    x$fpl$dflt          fz_ws.l(dflt_clz.o)
    0x08008bdc   0x00000026   Code   RO         1653    x$fpl$dfltu         fz_ws.l(dflt_clz.o)
    0x08008c02   0x00000002   PAD
    0x08008c04   0x00000154   Code   RO         1659    x$fpl$dmul          fz_ws.l(dmul.o)
    0x08008d58   0x0000009c   Code   RO         1803    x$fpl$dnaninf       fz_ws.l(dnaninf.o)
    0x08008df4   0x0000000c   Code   RO         1805    x$fpl$dretinf       fz_ws.l(dretinf.o)
    0x08008e00   0x000001d4   Code   RO         1639    x$fpl$dsub          fz_ws.l(daddsub_clz.o)
    0x08008fd4   0x00000056   Code   RO         1661    x$fpl$f2d           fz_ws.l(f2d.o)
    0x0800902a   0x00000002   PAD
    0x0800902c   0x000000c4   Code   RO         1663    x$fpl$fadd          fz_ws.l(faddsub_clz.o)
    0x080090f0   0x0000000c   Code   RO         1853    x$fpl$fcheck1       fz_ws.l(fcheck1.o)
    0x080090fc   0x00000018   Code   RO         1807    x$fpl$fcmpinf       fz_ws.l(fcmpi.o)
    0x08009114   0x00000184   Code   RO         1670    x$fpl$fdiv          fz_ws.l(fdiv.o)
    0x08009298   0x00000068   Code   RO         1673    x$fpl$feqf          fz_ws.l(feqf.o)
    0x08009300   0x00000036   Code   RO         1675    x$fpl$ffix          fz_ws.l(ffix.o)
    0x08009336   0x00000002   PAD
    0x08009338   0x00000052   Code   RO         1676    x$fpl$ffixr         fz_ws.l(ffix.o)
    0x0800938a   0x00000002   PAD
    0x0800938c   0x0000003e   Code   RO         1679    x$fpl$ffixu         fz_ws.l(ffixu.o)
    0x080093ca   0x00000002   PAD
    0x080093cc   0x00000030   Code   RO         1684    x$fpl$fflt          fz_ws.l(fflt_clz.o)
    0x080093fc   0x00000026   Code   RO         1683    x$fpl$ffltu         fz_ws.l(fflt_clz.o)
    0x08009422   0x00000002   PAD
    0x08009424   0x00000068   Code   RO         1689    x$fpl$fleqf         fz_ws.l(fleqf.o)
    0x0800948c   0x00000102   Code   RO         1691    x$fpl$fmul          fz_ws.l(fmul.o)
    0x0800958e   0x0000008c   Code   RO         1809    x$fpl$fnaninf       fz_ws.l(fnaninf.o)
    0x0800961a   0x0000000a   Code   RO         1811    x$fpl$fretinf       fz_ws.l(fretinf.o)
    0x08009624   0x00000062   Code   RO         1693    x$fpl$frleqf        fz_ws.l(frleqf.o)
    0x08009686   0x00000002   PAD
    0x08009688   0x00000060   Code   RO         1813    x$fpl$frnd          fz_ws.l(frnd.o)
    0x080096e8   0x00000014   Code   RO         1664    x$fpl$frsb          fz_ws.l(faddsub_clz.o)
    0x080096fc   0x00000110   Code   RO         1815    x$fpl$fsqrt         fz_ws.l(fsqrt.o)
    0x0800980c   0x000000ea   Code   RO         1665    x$fpl$fsub          fz_ws.l(faddsub_clz.o)
    0x080098f6   0x00000064   Code   RO         1880    x$fpl$retnan        fz_ws.l(retnan.o)
    0x0800995a   0x0000004c   Code   RO         1819    x$fpl$scalbnf       fz_ws.l(scalbnf.o)
    0x080099a6   0x00000030   Code   RO         1958    x$fpl$trapveneer    fz_ws.l(trapv.o)
    0x080099d6   0x00000000   Code   RO         1821    x$fpl$usenofp       fz_ws.l(usenofp.o)
    0x080099d6   0x00000008   Data   RO          453    .constdata          ano_rc.o
    0x080099de   0x00000032   Data   RO         1258    .constdata          ano_drv_eeprom.o
    0x08009a10   0x00000140   Data   RO         1729    .constdata          m_ws.l(powf.o)
    0x08009b50   0x00000020   Data   RO         1827    .constdata          m_ws.l(rredf.o)
    0x08009b70   0x00000020   Data   RO         2068    Region$$Table       anon$$obj.o
    0x08009b90   0x00000004   Data   RO          195    .init_array         ano_config.o
    0x08009b94   0x00000004   Data   RO          225    .init_array         ano_scheduler.o
    0x08009b98   0x00000004   Data   RO          325    .init_array         ano_imu.o
    0x08009b9c   0x00000004   Data   RO          455    .init_array         ano_rc.o
    0x08009ba0   0x00000004   Data   RO          510    .init_array         ano_flycontrol.o
    0x08009ba4   0x00000004   Data   RO         1122    .init_array         ano_drv_mpu6050.o
    0x08009ba8   0x00000004   Data   RO         1314    .init_array         ano_drv_ms5611.o
    0x08009bac   0x00000000   Data   RO         1621    .init_array         c_w.l(init_aeabi.o)


    Execution Region RW_IRAM1 (Base: 0x20000000, Size: 0x00000cf8, Max: 0x00005000, ABSOLUTE)

    Base Addr    Size         Type   Attr      Idx    E Section Name        Object

    0x20000000   0x00000002   Data   RW          194    .data               ano_config.o
    0x20000002   0x00000002   PAD
    0x20000004   0x00000010   Data   RW          284    .data               ano_filter.o
    0x20000014   0x00000014   Data   RW          324    .data               ano_imu.o
    0x20000028   0x00000009   Data   RW          400    .data               ano_dt.o
    0x20000031   0x00000002   Data   RW          454    .data               ano_rc.o
    0x20000033   0x00000001   PAD
    0x20000034   0x00000004   Data   RW          553    .data               ano_param.o
    0x20000038   0x00000008   Data   RW         1008    .data               board.o
    0x20000040   0x0000000e   Data   RW         1121    .data               ano_drv_mpu6050.o
    0x2000004e   0x0000000a   Data   RW         1206    .data               ano_drv_nrf24l01.o
    0x20000058   0x00000001   Data   RW         1232    .data               ano_drv_pwm.o
    0x20000059   0x00000003   PAD
    0x2000005c   0x00000008   Data   RW         1259    .data               ano_drv_eeprom.o
    0x20000064   0x00000001   Data   RW         1286    .data               ano_drv_led.o
    0x20000065   0x00000003   PAD
    0x20000068   0x00000009   Data   RW         1313    .data               ano_drv_ms5611.o
    0x20000071   0x00000003   Data   RW         1350    .data               ano_drv_uart3.o
    0x20000074   0x00000014   Data   RW         1418    .data               stm32f10x_rcc.o
    0x20000088   0x00000014   Data   RW         1548    .data               system_stm32f10x.o
    0x2000009c   0x0000000c   Zero   RW          193    .bss                ano_config.o
    0x200000a8   0x0000000a   Zero   RW          224    .bss                ano_scheduler.o
    0x200000b2   0x00000002   PAD
    0x200000b4   0x000000cc   Zero   RW          323    .bss                ano_imu.o
    0x20000180   0x00000041   Zero   RW          399    .bss                ano_dt.o
    0x200001c1   0x00000001   PAD
    0x200001c2   0x0000000c   Zero   RW          426    .bss                ano_motor.o
    0x200001ce   0x00000042   Zero   RW          452    .bss                ano_rc.o
    0x20000210   0x000000d4   Zero   RW          509    .bss                ano_flycontrol.o
    0x200002e4   0x00000058   Zero   RW         1120    .bss                ano_drv_mpu6050.o
    0x2000033c   0x000001fe   Zero   RW         1205    .bss                ano_drv_nrf24l01.o
    0x2000053a   0x00000002   PAD
    0x2000053c   0x00000028   Zero   RW         1312    .bss                ano_drv_ms5611.o
    0x20000564   0x00000132   Zero   RW         1349    .bss                ano_drv_uart3.o
    0x20000696   0x00000002   PAD
    0x20000698   0x00000060   Zero   RW         1858    .bss                c_w.l(libspace.o)
    0x200006f8   0x00000200   Zero   RW         1585    HEAP                startup_stm32f10x_md.o
    0x200008f8   0x00000400   Zero   RW         1584    STACK               startup_stm32f10x_md.o


==============================================================================

Image component sizes


      Code (inc. data)   RO Data    RW Data    ZI Data      Debug   Object Name

       104         12          4          2         12       1946   ano_config.o
      1240         40         50          8          0       5184   ano_drv_eeprom.o
       968          4          0          0          0       3872   ano_drv_i2c_soft.o
       132          4          0          1          0       1670   ano_drv_led.o
      1310         42          4         14         88       9810   ano_drv_mpu6050.o
       780         32          4          9         40       4211   ano_drv_ms5611.o
       760         14          0         10        510       5012   ano_drv_nrf24l01.o
       496         24          0          1          0       2010   ano_drv_pwm.o
       324         12          0          0          0       1364   ano_drv_spi2.o
       508         20          0          3        306       2912   ano_drv_uart3.o
      4620        102          0          9         65       9001   ano_dt.o
       820         26          0         16          0       8104   ano_filter.o
       866         66          4          0        212       4529   ano_flycontrol.o
      1216         86          4         20        204       9522   ano_imu.o
       478         22          0          0          0       7001   ano_math.o
       428          0          0          0          0       1636   ano_matrix3.o
       664         26          0          0         12       2396   ano_motor.o
      1452         50          0          4          0       3110   ano_param.o
       364          6          0          0          0       2243   ano_pid.o
      1680          6          0          0          0       4400   ano_quaternion.o
       988         36         12          2         66       3565   ano_rc.o
       228         26          4          0         10       2011   ano_scheduler.o
       600          0          0          0          0       8440   ano_vector3.o
        32          8          0          0          0     273567   anocopter.o
       360         34          0          8          0      25709   board.o
       220         22          0          0          0       1969   misc.o
        64         26        236          0       1536        888   startup_stm32f10x_md.o
      1468         34          0          0          0       8194   stm32f10x_flash.o
       860         38          0          0          0       5837   stm32f10x_gpio.o
        44          6          0          0          0       1337   stm32f10x_it.o
       932         36          0         20          0       9052   stm32f10x_rcc.o
       780         14          0          0          0       6706   stm32f10x_spi.o
      3610         88          0          0          0      22488   stm32f10x_tim.o
      1032         22          0          0          0     238812   stm32f10x_usart.o
       480         38          0         20          0       2083   system_stm32f10x.o

    ----------------------------------------------------------------------
     30910       1022        354        156       3068     700591   Object Totals
         0          0         32          0          0          0   (incl. Generated)
         2          0          0          9          7          0   (incl. Padding)

    ----------------------------------------------------------------------

      Code (inc. data)   RO Data    RW Data    ZI Data      Debug   Library Member Name

         8          0          0          0          0         68   __main.o
        52          8          0          0          0          0   __scatter.o
        26          0          0          0          0          0   __scatter_copy.o
        28          0          0          0          0          0   __scatter_zi.o
        22          0          0          0          0        100   _rserrno.o
        12          0          0          0          0         72   exit.o
         6          0          0          0          0        152   heapauxi.o
         0          0          0          0          0          0   indicate_semi.o
        36         10          0          0          0         80   init_aeabi.o
         2          0          0          0          0          0   libinit.o
         6          0          0          0          0          0   libinit2.o
         2          0          0          0          0          0   libshutdown.o
         2          0          0          0          0          0   libshutdown2.o
         8          4          0          0         96         68   libspace.o
         8          4          0          0          0         68   rt_errno_addr_intlibspace.o
         0          0          0          0          0          0   rtentry.o
        12          0          0          0          0          0   rtentry2.o
         6          0          0          0          0          0   rtentry4.o
         2          0          0          0          0          0   rtexit.o
        10          0          0          0          0          0   rtexit2.o
        12          4          0          0          0         68   sys_exit.o
        74          0          0          0          0         80   sys_stackheap_outer.o
         2          0          0          0          0         68   use_no_semi.o
        36          0          0          0          0         84   aeabi_vec_ctor_nocookie_nodtor.o
        16          0          0          0          0         68   cxa_guard_acquire.o
        98          4          0          0          0         92   d2f.o
       804         16          0          0          0        272   daddsub_clz.o
        94          4          0          0          0         92   dfix.o
        84          0          0          0          0        136   dflt_clz.o
       340         12          0          0          0        104   dmul.o
       156          4          0          0          0         92   dnaninf.o
        12          0          0          0          0         68   dretinf.o
        86          4          0          0          0         84   f2d.o
       450          8          0          0          0        236   faddsub_clz.o
        12          4          0          0          0         68   fcheck1.o
        24          0          0          0          0         68   fcmpi.o
       388         76          0          0          0         96   fdiv.o
       104          4          0          0          0         84   feqf.o
       136          8          0          0          0        168   ffix.o
        62          4          0          0          0         84   ffixu.o
        86          0          0          0          0        136   fflt_clz.o
       104          4          0          0          0         84   fleqf.o
       258          4          0          0          0         84   fmul.o
       140          4          0          0          0         84   fnaninf.o
        10          0          0          0          0         68   fretinf.o
        98          0          0          0          0         68   frleqf.o
        96          4          0          0          0         76   frnd.o
       272        100          0          0          0         88   fsqrt.o
       100          0          0          0          0         68   retnan.o
        76          0          0          0          0         68   scalbnf.o
        48          0          0          0          0         68   trapv.o
         0          0          0          0          0          0   usenofp.o
       296         36          0          0          0        120   asinf.o
       604         76          0          0          0        116   atan2f.o
       388         54          0          0          0        124   cosf.o
        38          0          0          0          0         68   fpclassifyf.o
        10          0          0          0          0         68   funder.o
      1564         82        320          0          0        240   powf.o
       344         18         32          0          0         88   rredf.o
       396         52          0          0          0        124   sinf.o
        44          0          0          0          0         80   sqrtf.o

    ----------------------------------------------------------------------
      8236        612        352          0         96       4640   Library Totals
        26          0          0          0          0          0   (incl. Padding)

    ----------------------------------------------------------------------

      Code (inc. data)   RO Data    RW Data    ZI Data      Debug   Library Name

       336         30          0          0         96        824   c_w.l
        52          0          0          0          0        152   cpprt_w.l
      4138        264          0          0          0       2636   fz_ws.l
      3684        318        352          0          0       1028   m_ws.l

    ----------------------------------------------------------------------
      8236        612        352          0         96       4640   Library Totals

    ----------------------------------------------------------------------

==============================================================================


      Code (inc. data)   RO Data    RW Data    ZI Data      Debug   

     39146       1634        706        156       3164     698675   Grand Totals
     39146       1634        706        156       3164     698675   ELF Image Totals
     39146       1634        706        156          0          0   ROM Totals

==============================================================================

    Total RO  Size (Code + RO Data)                39852 (  38.92kB)
    Total RW  Size (RW Data + ZI Data)              3320 (   3.24kB)
    Total ROM Size (Code + RO Data + RW Data)      40008 (  39.07kB)

==============================================================================

